Archive member included to satisfy reference by file (symbol)

C:\Users\sahil\AppData\Local\Temp\VMBuilds\scara_IIOT\nano_33_iot\Debug/core.a(cortex_handlers.c.o)
                              (Reset_Handler)
C:\Users\sahil\AppData\Local\Temp\VMBuilds\scara_IIOT\nano_33_iot\Debug/core.a(delay.c.o)
                              scara_IIOT.cpp.o (millis)
C:\Users\sahil\AppData\Local\Temp\VMBuilds\scara_IIOT\nano_33_iot\Debug/core.a(hooks.c.o)
                              C:\Users\sahil\AppData\Local\Temp\VMBuilds\scara_IIOT\nano_33_iot\Debug/core.a(delay.c.o) (yield)
C:\Users\sahil\AppData\Local\Temp\VMBuilds\scara_IIOT\nano_33_iot\Debug/core.a(startup.c.o)
                              C:\Users\sahil\AppData\Local\Temp\VMBuilds\scara_IIOT\nano_33_iot\Debug/core.a(cortex_handlers.c.o) (SystemInit)
C:\Users\sahil\AppData\Local\Temp\VMBuilds\scara_IIOT\nano_33_iot\Debug/core.a(WInterrupts.c.o)
                              scara_IIOT.cpp.o (attachInterrupt)
C:\Users\sahil\AppData\Local\Temp\VMBuilds\scara_IIOT\nano_33_iot\Debug/core.a(wiring.c.o)
                              C:\Users\sahil\AppData\Local\Temp\VMBuilds\scara_IIOT\nano_33_iot\Debug/core.a(startup.c.o) (SystemCoreClock)
C:\Users\sahil\AppData\Local\Temp\VMBuilds\scara_IIOT\nano_33_iot\Debug/core.a(wiring_analog.c.o)
                              C:\Users\sahil\AppData\Local\Temp\VMBuilds\scara_IIOT\nano_33_iot\Debug/core.a(wiring.c.o) (analogReference)
C:\Users\sahil\AppData\Local\Temp\VMBuilds\scara_IIOT\nano_33_iot\Debug/core.a(wiring_digital.c.o)
                              scara_IIOT.cpp.o (pinMode)
C:\Users\sahil\AppData\Local\Temp\VMBuilds\scara_IIOT\nano_33_iot\Debug/core.a(wiring_private.c.o)
                              SPI\SPI.cpp.o (pinPeripheral)
C:\Users\sahil\AppData\Local\Temp\VMBuilds\scara_IIOT\nano_33_iot\Debug/core.a(IPAddress.cpp.o)
                              WiFiNINA\WiFi.cpp.o (IPAddress::IPAddress())
C:\Users\sahil\AppData\Local\Temp\VMBuilds\scara_IIOT\nano_33_iot\Debug/core.a(main.cpp.o)
                              c:/users/sahil/appdata/local/arduino15/packages/arduino/tools/arm-none-eabi-gcc/7-2017q4/bin/../lib/gcc/arm-none-eabi/7.2.1/../../../../arm-none-eabi/lib/thumb/v6-m/crt0.o (main)
C:\Users\sahil\AppData\Local\Temp\VMBuilds\scara_IIOT\nano_33_iot\Debug/core.a(Print.cpp.o)
                              scara_IIOT.cpp.o (Print::print(String const&))
C:\Users\sahil\AppData\Local\Temp\VMBuilds\scara_IIOT\nano_33_iot\Debug/core.a(Reset.cpp.o)
                              C:\Users\sahil\AppData\Local\Temp\VMBuilds\scara_IIOT\nano_33_iot\Debug/core.a(delay.c.o) (tickReset)
C:\Users\sahil\AppData\Local\Temp\VMBuilds\scara_IIOT\nano_33_iot\Debug/core.a(SERCOM.cpp.o)
                              C:\Users\sahil\AppData\Local\Temp\VMBCore\arduino16x\6dc76b01c810974bd067ceda0deb9a9e\variant\variant.cpp.o (SERCOM::SERCOM(Sercom*))
C:\Users\sahil\AppData\Local\Temp\VMBuilds\scara_IIOT\nano_33_iot\Debug/core.a(Stream.cpp.o)
                              scara_IIOT.cpp.o (Stream::parseInt(LookaheadMode, char))
C:\Users\sahil\AppData\Local\Temp\VMBuilds\scara_IIOT\nano_33_iot\Debug/core.a(Uart.cpp.o)
                              C:\Users\sahil\AppData\Local\Temp\VMBCore\arduino16x\6dc76b01c810974bd067ceda0deb9a9e\variant\variant.cpp.o (Uart::Uart(SERCOM*, unsigned char, unsigned char, SercomRXPad, SercomUartTXPad, unsigned char, unsigned char))
C:\Users\sahil\AppData\Local\Temp\VMBuilds\scara_IIOT\nano_33_iot\Debug/core.a(WString.cpp.o)
                              scara_IIOT.cpp.o (String::~String())
C:\Users\sahil\AppData\Local\Temp\VMBuilds\scara_IIOT\nano_33_iot\Debug/core.a(CDC.cpp.o)
                              VM_DBG\VM_DBG.cpp.o (Serial_::available())
C:\Users\sahil\AppData\Local\Temp\VMBuilds\scara_IIOT\nano_33_iot\Debug/core.a(PluggableUSB.cpp.o)
                              C:\Users\sahil\AppData\Local\Temp\VMBuilds\scara_IIOT\nano_33_iot\Debug/core.a(CDC.cpp.o) (PluggableUSB_::plug(PluggableUSBModule*))
C:\Users\sahil\AppData\Local\Temp\VMBuilds\scara_IIOT\nano_33_iot\Debug/core.a(USBCore.cpp.o)
                              C:\Users\sahil\AppData\Local\Temp\VMBuilds\scara_IIOT\nano_33_iot\Debug/core.a(CDC.cpp.o) (usbd)
C:\Users\sahil\AppData\Local\Temp\VMBuilds\scara_IIOT\nano_33_iot\Debug/core.a(itoa.c.o)
                              C:\Users\sahil\AppData\Local\Temp\VMBuilds\scara_IIOT\nano_33_iot\Debug/core.a(WString.cpp.o) (ltoa)
C:\Users\sahil\AppData\Local\Temp\VMBuilds\scara_IIOT\nano_33_iot\Debug/core.a(dtostrf.c.o)
                              C:\Users\sahil\AppData\Local\Temp\VMBuilds\scara_IIOT\nano_33_iot\Debug/core.a(WString.cpp.o) (dtostrf)
C:\Users\sahil\AppData\Local\Temp\VMBuilds\scara_IIOT\nano_33_iot\Debug/core.a(abi.cpp.o)
                              C:\Users\sahil\AppData\Local\Temp\VMBuilds\scara_IIOT\nano_33_iot\Debug/core.a(Print.cpp.o) (__cxa_pure_virtual)
C:\Users\sahil\AppData\Local\Temp\VMBuilds\scara_IIOT\nano_33_iot\Debug/core.a(new.cpp.o)
[...]
Memory Configuration

Name             Origin             Length             Attributes
FLASH            0x00002000         0x0003e000         xr
RAM              0x20000000         0x00008000         xrw
*default*        0x00000000         0xffffffff

Linker script and memory map

LOAD c:/users/sahil/appdata/local/arduino15/packages/arduino/tools/arm-none-eabi-gcc/7-2017q4/bin/../lib/gcc/arm-none-eabi/7.2.1/thumb/v6-m/crti.o
LOAD c:/users/sahil/appdata/local/arduino15/packages/arduino/tools/arm-none-eabi-gcc/7-2017q4/bin/../lib/gcc/arm-none-eabi/7.2.1/thumb/v6-m/crtbegin.o
LOAD c:/users/sahil/appdata/local/arduino15/packages/arduino/tools/arm-none-eabi-gcc/7-2017q4/bin/../lib/gcc/arm-none-eabi/7.2.1/../../../../arm-none-eabi/lib/thumb/v6-m/crt0.o
LOAD scara_IIOT.cpp.o
LOAD WiFiNINA\WiFi.cpp.o
LOAD WiFiNINA\WiFiClient.cpp.o
LOAD WiFiNINA\WiFiServer.cpp.o
LOAD WiFiNINA\WiFiSSLClient.cpp.o
LOAD WiFiNINA\WiFiUdp.cpp.o
LOAD WiFiNINA\utility\server_drv.cpp.o
LOAD WiFiNINA\utility\spi_drv.cpp.o
LOAD WiFiNINA\utility\WiFiSocketBuffer.cpp.o
LOAD WiFiNINA\utility\wifi_drv.cpp.o
LOAD SPI\SPI.cpp.o
LOAD VM_DBG\VM_DBG.cpp.o
LOAD VM_DBG\VM_mem_check_sam.cpp.o
LOAD C:\Users\sahil\AppData\Local\Temp\VMBCore\arduino16x\6dc76b01c810974bd067ceda0deb9a9e\variant\variant.cpp.o
START GROUP
LOAD C:\Users\sahil\AppData\Local\arduino15\packages\arduino\tools\CMSIS\4.5.0/CMSIS/Lib/GCC/\libarm_cortexM0l_math.a
LOAD C:\Users\sahil\AppData\Local\Temp\VMBuilds\scara_IIOT\nano_33_iot\Debug/core.a
END GROUP
LOAD c:/users/sahil/appdata/local/arduino15/packages/arduino/tools/arm-none-eabi-gcc/7-2017q4/bin/../lib/gcc/arm-none-eabi/7.2.1/../../../../arm-none-eabi/lib/thumb/v6-m\libstdc++_nano.a
LOAD c:/users/sahil/appdata/local/arduino15/packages/arduino/tools/arm-none-eabi-gcc/7-2017q4/bin/../lib/gcc/arm-none-eabi/7.2.1/../../../../arm-none-eabi/lib/thumb/v6-m\libm.a
START GROUP
LOAD c:/users/sahil/appdata/local/arduino15/packages/arduino/tools/arm-none-eabi-gcc/7-2017q4/bin/../lib/gcc/arm-none-eabi/7.2.1/thumb/v6-m\libgcc.a
LOAD c:/users/sahil/appdata/local/arduino15/packages/arduino/tools/arm-none-eabi-gcc/7-2017q4/bin/../lib/gcc/arm-none-eabi/7.2.1/../../../../arm-none-eabi/lib/thumb/v6-m\libc_nano.a
END GROUP
START GROUP
LOAD c:/users/sahil/appdata/local/arduino15/packages/arduino/tools/arm-none-eabi-gcc/7-2017q4/bin/../lib/gcc/arm-none-eabi/7.2.1/thumb/v6-m\libgcc.a
LOAD c:/users/sahil/appdata/local/arduino15/packages/arduino/tools/arm-none-eabi-gcc/7-2017q4/bin/../lib/gcc/arm-none-eabi/7.2.1/../../../../arm-none-eabi/lib/thumb/v6-m\libc_nano.a
LOAD c:/users/sahil/appdata/local/arduino15/packages/arduino/tools/arm-none-eabi-gcc/7-2017q4/bin/../lib/gcc/arm-none-eabi/7.2.1/../../../../arm-none-eabi/lib/thumb/v6-m\libnosys.a
END GROUP
START GROUP
LOAD c:/users/sahil/appdata/local/arduino15/packages/arduino/tools/arm-none-eabi-gcc/7-2017q4/bin/../lib/gcc/arm-none-eabi/7.2.1/thumb/v6-m\libgcc.a
LOAD c:/users/sahil/appdata/local/arduino15/packages/arduino/tools/arm-none-eabi-gcc/7-2017q4/bin/../lib/gcc/arm-none-eabi/7.2.1/../../../../arm-none-eabi/lib/thumb/v6-m\libc_nano.a
LOAD c:/users/sahil/appdata/local/arduino15/packages/arduino/tools/arm-none-eabi-gcc/7-2017q4/bin/../lib/gcc/arm-none-eabi/7.2.1/../../../../arm-none-eabi/lib/thumb/v6-m\libnosys.a
END GROUP
LOAD c:/users/sahil/appdata/local/arduino15/packages/arduino/tools/arm-none-eabi-gcc/7-2017q4/bin/../lib/gcc/arm-none-eabi/7.2.1/thumb/v6-m/crtend.o
LOAD c:/users/sahil/appdata/local/arduino15/packages/arduino/tools/arm-none-eabi-gcc/7-2017q4/bin/../lib/gcc/arm-none-eabi/7.2.1/thumb/v6-m/crtn.o

.text           0x00002000     0x9d8c
                0x00002000                __text_start__ = .
 *(.isr_vector)
 .isr_vector    0x00002000       0xb4 C:\Users\sahil\AppData\Local\Temp\VMBuilds\scara_IIOT\nano_33_iot\Debug/core.a(cortex_handlers.c.o)
                0x00002000                exception_table
 *(.text*)
 .text          0x000020b4       0x48 c:/users/sahil/appdata/local/arduino15/packages/arduino/tools/arm-none-eabi-gcc/7-2017q4/bin/../lib/gcc/arm-none-eabi/7.2.1/thumb/v6-m/crtbegin.o
 .text.SERCOM1_Handler
                0x000020fc       0xb4 scara_IIOT.cpp.o
                0x000020fc                SERCOM1_Handler
 .text._Z15printWifiStatusv
                0x000021b0       0x70 scara_IIOT.cpp.o
                0x000021b0                printWifiStatus()
 .text.setup    0x00002220      0x18c scara_IIOT.cpp.o
                0x00002220                setup
 .text.startup._GLOBAL__sub_I_data
                0x000023ac       0x90 scara_IIOT.cpp.o
 .text._Z16updateThingSpeak6String
                0x0000243c       0xb8 scara_IIOT.cpp.o
                0x0000243c                updateThingSpeak(String)
 .text._Z8httpPOST6StringS_RS_
                0x000024f4      0x1d0 scara_IIOT.cpp.o
                0x000024f4                httpPOST(String, String, String&)
 .text.loop     0x000026c4      0x4ec scara_IIOT.cpp.o
                0x000026c4                loop
 .text._ZN9WiFiClass15firmwareVersionEv
                0x00002bb0        0x8 WiFiNINA\WiFi.cpp.o
                0x00002bb0                WiFiClass::firmwareVersion()
 .text._ZN9WiFiClass5beginEPKc
                0x00002bb8       0x42 WiFiNINA\WiFi.cpp.o
                0x00002bb8                WiFiClass::begin(char const*)
 .text._ZN9WiFiClass7localIPEv
                0x00002bfa       0x12 WiFiNINA\WiFi.cpp.o
                0x00002bfa                WiFiClass::localIP()
 .text._ZN9WiFiClass4SSIDEv
                0x00002c0c        0x8 WiFiNINA\WiFi.cpp.o
                0x00002c0c                WiFiClass::SSID()
 .text._ZN9WiFiClass4RSSIEv
                0x00002c14        0x8 WiFiNINA\WiFi.cpp.o
                0x00002c14                WiFiClass::RSSI()
 .text._ZN9WiFiClass6statusEv
                0x00002c1c        0x8 WiFiNINA\WiFi.cpp.o
                0x00002c1c                WiFiClass::status()
 .text._ZN9WiFiClass10hostByNameEPKcR9IPAddress
                0x00002c24        0xc WiFiNINA\WiFi.cpp.o
                0x00002c24                WiFiClass::hostByName(char const*, IPAddress&)
 .text.startup._GLOBAL__sub_I__ZN9WiFiClassC2Ev
                0x00002c30       0x24 WiFiNINA\WiFi.cpp.o
 .text._ZN5Print17availableForWriteEv
                0x00002c54        0x4 WiFiNINA\WiFiClient.cpp.o
                0x00002c54                Print::availableForWrite()
 .text._ZN10WiFiClient5writeEh
                0x00002c58       0x14 WiFiNINA\WiFiClient.cpp.o
                0x00002c58                WiFiClient::write(unsigned char)
 .text._ZN10WiFiClient5flushEv
                0x00002c6c        0x2 WiFiNINA\WiFiClient.cpp.o
                0x00002c6c                WiFiClient::flush()
 .text._ZN10WiFiClientcvbEv
                0x00002c6e        0xc WiFiNINA\WiFiClient.cpp.o
                0x00002c6e                WiFiClient::operator bool()
 *fill*         0x00002c7a        0x2 
 .text._ZN10WiFiClient7connectEPKct
                0x00002c7c       0x40 WiFiNINA\WiFiClient.cpp.o
                0x00002c7c                WiFiClient::connect(char const*, unsigned short)
 .text._ZN10WiFiClient7connectE9IPAddresst
                0x00002cbc       0x78 WiFiNINA\WiFiClient.cpp.o
                0x00002cbc                WiFiClient::connect(IPAddress, unsigned short)
 .text._ZN10WiFiClient10connectSSLE9IPAddresst
                0x00002d34       0x78 WiFiNINA\WiFiClient.cpp.o
                0x00002d34                WiFiClient::connectSSL(IPAddress, unsigned short)
 .text._ZN10WiFiClient10connectSSLEPKct
                0x00002dac       0x84 WiFiNINA\WiFiClient.cpp.o
                0x00002dac                WiFiClient::connectSSL(char const*, unsigned short)
 .text._ZN10WiFiClient5writeEPKhj
                0x00002e30       0x2e WiFiNINA\WiFiClient.cpp.o
                0x00002e30                WiFiClient::write(unsigned char const*, unsigned int)
 *fill*         0x00002e5e        0x2 
 .text._ZN10WiFiClient9availableEv
                0x00002e60       0x18 WiFiNINA\WiFiClient.cpp.o
                0x00002e60                WiFiClient::available()
 .text._ZN10WiFiClient4readEv
                0x00002e78       0x2c WiFiNINA\WiFiClient.cpp.o
                0x00002e78                WiFiClient::read()
 .text._ZN10WiFiClient4readEPhj
                0x00002ea4       0x18 WiFiNINA\WiFiClient.cpp.o
                0x00002ea4                WiFiClient::read(unsigned char*, unsigned int)
 .text._ZN10WiFiClient4peekEv
                0x00002ebc       0x10 WiFiNINA\WiFiClient.cpp.o
                0x00002ebc                WiFiClient::peek()
 .text._ZN10WiFiClient10remotePortEv
                0x00002ecc       0x22 WiFiNINA\WiFiClient.cpp.o
                0x00002ecc                WiFiClient::remotePort()
 .text._ZN10WiFiClient8remoteIPEv
                0x00002eee       0x20 WiFiNINA\WiFiClient.cpp.o
                0x00002eee                WiFiClient::remoteIP()
 *fill*         0x00002f0e        0x2 
 .text._ZN10WiFiClientC2Ev
                0x00002f10       0x1c WiFiNINA\WiFiClient.cpp.o
                0x00002f10                WiFiClient::WiFiClient()
                0x00002f10                WiFiClient::WiFiClient()
 .text._ZN10WiFiClient6statusEv
                0x00002f2c       0x12 WiFiNINA\WiFiClient.cpp.o
                0x00002f2c                WiFiClient::status()
 *fill*         0x00002f3e        0x2 
 .text._ZN10WiFiClient4stopEv
                0x00002f40       0x3c WiFiNINA\WiFiClient.cpp.o
                0x00002f40                WiFiClient::stop()
 .text._ZN10WiFiClient9connectedEv
                0x00002f7c       0x44 WiFiNINA\WiFiClient.cpp.o
                0x00002f7c                WiFiClient::connected()
 .text.startup._GLOBAL__sub_I__ZN10WiFiClient8_srcportE
                0x00002fc0       0x18 WiFiNINA\WiFiClient.cpp.o
 .text.startup._GLOBAL__sub_I__ZN10WiFiServerC2Et
                0x00002fd8       0x18 WiFiNINA\WiFiServer.cpp.o
 .text.startup._GLOBAL__sub_I__ZN13WiFiSSLClientC2Ev
                0x00002ff0       0x18 WiFiNINA\WiFiSSLClient.cpp.o
 .text.startup._GLOBAL__sub_I__ZN7WiFiUDPC2Ev
                0x00003008       0x18 WiFiNINA\WiFiUdp.cpp.o
 .text._ZN9ServerDrv11startClientEmthh
                0x00003020       0x80 WiFiNINA\utility\server_drv.cpp.o
                0x00003020                ServerDrv::startClient(unsigned long, unsigned short, unsigned char, unsigned char)
 .text._ZN9ServerDrv11startClientEPKchmthh
                0x000030a0       0x94 WiFiNINA\utility\server_drv.cpp.o
                0x000030a0                ServerDrv::startClient(char const*, unsigned char, unsigned long, unsigned short, unsigned char, unsigned char)
 .text._ZN9ServerDrv10stopClientEh
                0x00003134       0x64 WiFiNINA\utility\server_drv.cpp.o
                0x00003134                ServerDrv::stopClient(unsigned char)
 .text._ZN9ServerDrv14getClientStateEh
                0x00003198       0x68 WiFiNINA\utility\server_drv.cpp.o
                0x00003198                ServerDrv::getClientState(unsigned char)
 .text._ZN9ServerDrv10getDataBufEhPhPt
                0x00003200       0x68 WiFiNINA\utility\server_drv.cpp.o
                0x00003200                ServerDrv::getDataBuf(unsigned char, unsigned char*, unsigned short*)
 .text._ZN9ServerDrv8sendDataEhPKht
                0x00003268       0x80 WiFiNINA\utility\server_drv.cpp.o
                0x00003268                ServerDrv::sendData(unsigned char, unsigned char const*, unsigned short)
 .text._ZN9ServerDrv13checkDataSentEh
                0x000032e8       0x94 WiFiNINA\utility\server_drv.cpp.o
                0x000032e8                ServerDrv::checkDataSent(unsigned char)
 .text._ZN9ServerDrv9getSocketEv
                0x0000337c       0x50 WiFiNINA\utility\server_drv.cpp.o
                0x0000337c                ServerDrv::getSocket()
 .text._ZN6SpiDrv5beginEv
                0x000033cc       0xb0 WiFiNINA\utility\spi_drv.cpp.o
                0x000033cc                SpiDrv::begin()
 .text._ZN6SpiDrv14spiSlaveSelectEv
                0x0000347c       0x4c WiFiNINA\utility\spi_drv.cpp.o
                0x0000347c                SpiDrv::spiSlaveSelect()
 .text._ZN6SpiDrv16spiSlaveDeselectEv
                0x000034c8       0x1c WiFiNINA\utility\spi_drv.cpp.o
                0x000034c8                SpiDrv::spiSlaveDeselect()
 .text._ZN6SpiDrv11spiTransferEc
                0x000034e4       0x18 WiFiNINA\utility\spi_drv.cpp.o
                0x000034e4                SpiDrv::spiTransfer(char)
 .text._ZN6SpiDrv17waitForSlaveReadyEv
                0x000034fc       0x14 WiFiNINA\utility\spi_drv.cpp.o
                0x000034fc                SpiDrv::waitForSlaveReady()
 .text._ZN6SpiDrv8getParamEPh
                0x00003510        0xe WiFiNINA\utility\spi_drv.cpp.o
                0x00003510                SpiDrv::getParam(unsigned char*)
 .text._ZN6SpiDrv16readAndCheckCharEcPc
                0x0000351e       0x16 WiFiNINA\utility\spi_drv.cpp.o
                0x0000351e                SpiDrv::readAndCheckChar(char, char*)
 .text._ZN6SpiDrv8readCharEv
                0x00003534       0x14 WiFiNINA\utility\spi_drv.cpp.o
                0x00003534                SpiDrv::readChar()
 .text._ZN6SpiDrv11waitSpiCharEh
                0x00003548       0x2c WiFiNINA\utility\spi_drv.cpp.o
                0x00003548                SpiDrv::waitSpiChar(unsigned char)
 .text._ZN6SpiDrv18waitResponseParamsEhhP6tParam
                0x00003574       0x94 WiFiNINA\utility\spi_drv.cpp.o
                0x00003574                SpiDrv::waitResponseParams(unsigned char, unsigned char, tParam*)
 .text._ZN6SpiDrv9sendParamEPhhh
                0x00003608       0x2c WiFiNINA\utility\spi_drv.cpp.o
                0x00003608                SpiDrv::sendParam(unsigned char*, unsigned char, unsigned char)
 .text._ZN6SpiDrv14sendParamLen16Et
                0x00003634       0x12 WiFiNINA\utility\spi_drv.cpp.o
                0x00003634                SpiDrv::sendParamLen16(unsigned short)
 .text._ZN6SpiDrv13readParamLen8EPh
                0x00003646       0x12 WiFiNINA\utility\spi_drv.cpp.o
                0x00003646                SpiDrv::readParamLen8(unsigned char*)
 .text._ZN6SpiDrv15waitResponseCmdEhhPhS0_
                0x00003658       0x68 WiFiNINA\utility\spi_drv.cpp.o
                0x00003658                SpiDrv::waitResponseCmd(unsigned char, unsigned char, unsigned char*, unsigned char*)
 .text._ZN6SpiDrv17waitResponseData8EhPhS0_
                0x000036c0       0x5e WiFiNINA\utility\spi_drv.cpp.o
                0x000036c0                SpiDrv::waitResponseData8(unsigned char, unsigned char*, unsigned char*)
 .text._ZN6SpiDrv14readParamLen16EPt
                0x0000371e       0x20 WiFiNINA\utility\spi_drv.cpp.o
                0x0000371e                SpiDrv::readParamLen16(unsigned short*)
 .text._ZN6SpiDrv18waitResponseData16EhPhPt
                0x0000373e       0x64 WiFiNINA\utility\spi_drv.cpp.o
                0x0000373e                SpiDrv::waitResponseData16(unsigned char, unsigned char*, unsigned short*)
 .text._ZN6SpiDrv10sendBufferEPhth
                0x000037a2       0x2a WiFiNINA\utility\spi_drv.cpp.o
                0x000037a2                SpiDrv::sendBuffer(unsigned char*, unsigned short, unsigned char)
 .text._ZN6SpiDrv9sendParamEth
                0x000037cc       0x24 WiFiNINA\utility\spi_drv.cpp.o
                0x000037cc                SpiDrv::sendParam(unsigned short, unsigned char)
 .text._ZN6SpiDrv7sendCmdEhh
                0x000037f0       0x26 WiFiNINA\utility\spi_drv.cpp.o
                0x000037f0                SpiDrv::sendCmd(unsigned char, unsigned char)
 .text._ZN21WiFiSocketBufferClassC2Ev
                0x00003816       0x10 WiFiNINA\utility\WiFiSocketBuffer.cpp.o
                0x00003816                WiFiSocketBufferClass::WiFiSocketBufferClass()
                0x00003816                WiFiSocketBufferClass::WiFiSocketBufferClass()
 .text._ZN21WiFiSocketBufferClass5closeEi
                0x00003826       0x1c WiFiNINA\utility\WiFiSocketBuffer.cpp.o
                0x00003826                WiFiSocketBufferClass::close(int)
 .text._ZN21WiFiSocketBufferClassD2Ev
                0x00003842       0x18 WiFiNINA\utility\WiFiSocketBuffer.cpp.o
                0x00003842                WiFiSocketBufferClass::~WiFiSocketBufferClass()
                0x00003842                WiFiSocketBufferClass::~WiFiSocketBufferClass()
 *fill*         0x0000385a        0x2 
 .text._ZN21WiFiSocketBufferClass9availableEi
                0x0000385c       0x58 WiFiNINA\utility\WiFiSocketBuffer.cpp.o
                0x0000385c                WiFiSocketBufferClass::available(int)
 .text._ZN21WiFiSocketBufferClass4peekEi
                0x000038b4       0x20 WiFiNINA\utility\WiFiSocketBuffer.cpp.o
                0x000038b4                WiFiSocketBufferClass::peek(int)
 .text._ZN21WiFiSocketBufferClass4readEiPhj
                0x000038d4       0x38 WiFiNINA\utility\WiFiSocketBuffer.cpp.o
                0x000038d4                WiFiSocketBufferClass::read(int, unsigned char*, unsigned int)
 .text.startup._GLOBAL__sub_I__ZN21WiFiSocketBufferClassC2Ev
                0x0000390c       0x24 WiFiNINA\utility\WiFiSocketBuffer.cpp.o
 .text._ZN7WiFiDrv14getNetworkDataEPhS0_S0_
                0x00003930       0x98 WiFiNINA\utility\wifi_drv.cpp.o
                0x00003930                WiFiDrv::getNetworkData(unsigned char*, unsigned char*, unsigned char*)
 .text._ZN7WiFiDrv13getRemoteDataEhPhS0_
                0x000039c8       0x84 WiFiNINA\utility\wifi_drv.cpp.o
                0x000039c8                WiFiDrv::getRemoteData(unsigned char, unsigned char*, unsigned char*)
 .text._ZN7WiFiDrv14wifiSetNetworkEPKch
                0x00003a4c       0x7c WiFiNINA\utility\wifi_drv.cpp.o
                0x00003a4c                WiFiDrv::wifiSetNetwork(char const*, unsigned char)
 .text._ZN7WiFiDrv19getConnectionStatusEv
                0x00003ac8       0x50 WiFiNINA\utility\wifi_drv.cpp.o
                0x00003ac8                WiFiDrv::getConnectionStatus()
 .text._ZN7WiFiDrv12getIpAddressER9IPAddress
                0x00003b18       0x28 WiFiNINA\utility\wifi_drv.cpp.o
                0x00003b18                WiFiDrv::getIpAddress(IPAddress&)
 .text._ZN7WiFiDrv14getCurrentSSIDEv
                0x00003b40       0x70 WiFiNINA\utility\wifi_drv.cpp.o
                0x00003b40                WiFiDrv::getCurrentSSID()
 .text._ZN7WiFiDrv14getCurrentRSSIEv
                0x00003bb0       0x64 WiFiNINA\utility\wifi_drv.cpp.o
                0x00003bb0                WiFiDrv::getCurrentRSSI()
 .text._ZN7WiFiDrv13reqHostByNameEPKc
                0x00003c14       0x84 WiFiNINA\utility\wifi_drv.cpp.o
                0x00003c14                WiFiDrv::reqHostByName(char const*)
 .text._ZN7WiFiDrv13getHostByNameER9IPAddress
                0x00003c98       0x74 WiFiNINA\utility\wifi_drv.cpp.o
                0x00003c98                WiFiDrv::getHostByName(IPAddress&)
 .text._ZN7WiFiDrv13getHostByNameEPKcR9IPAddress
                0x00003d0c       0x18 WiFiNINA\utility\wifi_drv.cpp.o
                0x00003d0c                WiFiDrv::getHostByName(char const*, IPAddress&)
 .text._ZN7WiFiDrv12getFwVersionEv
                0x00003d24       0x50 WiFiNINA\utility\wifi_drv.cpp.o
                0x00003d24                WiFiDrv::getFwVersion()
 .text.startup._GLOBAL__sub_I__ZN7WiFiDrv12_networkSsidE
                0x00003d74       0x18 WiFiNINA\utility\wifi_drv.cpp.o
 .text._ZN8SPIClass4initEv
                0x00003d8c       0x12 SPI\SPI.cpp.o
                0x00003d8c                SPIClass::init()
 .text._ZN8SPIClass6configE11SPISettings
                0x00003d9e       0x4e SPI\SPI.cpp.o
                0x00003d9e                SPIClass::config(SPISettings)
 .text._ZN8SPIClass5beginEv
                0x00003dec       0x50 SPI\SPI.cpp.o
                0x00003dec                SPIClass::begin()
 .text._ZN8SPIClass16beginTransactionE11SPISettings
                0x00003e3c       0x38 SPI\SPI.cpp.o
                0x00003e3c                SPIClass::beginTransaction(SPISettings)
 .text._ZN8SPIClass14endTransactionEv
                0x00003e74       0x28 SPI\SPI.cpp.o
                0x00003e74                SPIClass::endTransaction()
 .text._ZN8SPIClass8transferEh
                0x00003e9c        0xa SPI\SPI.cpp.o
                0x00003e9c                SPIClass::transfer(unsigned char)
 *fill*         0x00003ea6        0x2 
 .text.startup._GLOBAL__sub_I__ZN8SPIClassC2EP6SERCOMhhh14SercomSpiTXPad11SercomRXPad
                0x00003ea8       0x68 SPI\SPI.cpp.o
 .text._ZN16VisualMicroDebug16DBG_YieldAndWaitEmb
                0x00003f10       0x1a VM_DBG\VM_DBG.cpp.o
                0x00003f10                VisualMicroDebug::DBG_YieldAndWait(unsigned long, bool)
 .text._ZN16VisualMicroDebug16DBG_YieldAndWaitEm
                0x00003f2a        0xa VM_DBG\VM_DBG.cpp.o
                0x00003f2a                VisualMicroDebug::DBG_YieldAndWait(unsigned long)
 .text._ZN16VisualMicroDebug14outPacketStartEb
                0x00003f34        0x4 VM_DBG\VM_DBG.cpp.o
                0x00003f34                VisualMicroDebug::outPacketStart(bool)
 .text._ZN16VisualMicroDebug12outPacketEndEv
                0x00003f38        0x2 VM_DBG\VM_DBG.cpp.o
                0x00003f38                VisualMicroDebug::outPacketEnd()
 *fill*         0x00003f3a        0x2 
 .text._ZN16VisualMicroDebug5beginEm
                0x00003f3c       0x1c VM_DBG\VM_DBG.cpp.o
                0x00003f3c                VisualMicroDebug::begin(unsigned long)
 .text._ZN16VisualMicroDebug4initEm
                0x00003f58       0x12 VM_DBG\VM_DBG.cpp.o
                0x00003f58                VisualMicroDebug::init(unsigned long)
 *fill*         0x00003f6a        0x2 
 .text._ZN16VisualMicroDebug16sendContinuedACKEh
                0x00003f6c       0x38 VM_DBG\VM_DBG.cpp.o
                0x00003f6c                VisualMicroDebug::sendContinuedACK(unsigned char)
 .text.startup._GLOBAL__sub_I__ZN16VisualMicroDebug16DBG_YieldAndWaitEm
                0x00003fa4       0x14 VM_DBG\VM_DBG.cpp.o
 .text._ZN16VisualMicroDebug9breakWaitEh
                0x00003fb8       0x68 VM_DBG\VM_DBG.cpp.o
                0x00003fb8                VisualMicroDebug::breakWait(unsigned char)
 .text._ZN16VisualMicroDebug5startEbb
                0x00004020       0x28 VM_DBG\VM_DBG.cpp.o
                0x00004020                VisualMicroDebug::start(bool, bool)
 .text.PINCOUNT_fn
                0x00004048        0x4 C:\Users\sahil\AppData\Local\Temp\VMBCore\arduino16x\6dc76b01c810974bd067ceda0deb9a9e\variant\variant.cpp.o
                0x00004048                PINCOUNT_fn
 .text._Z11initVariantv
                0x0000404c       0x24 C:\Users\sahil\AppData\Local\Temp\VMBCore\arduino16x\6dc76b01c810974bd067ceda0deb9a9e\variant\variant.cpp.o
                0x0000404c                initVariant()
 .text.SERCOM5_Handler
                0x00004070       0x10 C:\Users\sahil\AppData\Local\Temp\VMBCore\arduino16x\6dc76b01c810974bd067ceda0deb9a9e\variant\variant.cpp.o
                0x00004070                SERCOM5_Handler
 .text.SERCOM3_Handler
                0x00004080       0x10 C:\Users\sahil\AppData\Local\Temp\VMBCore\arduino16x\6dc76b01c810974bd067ceda0deb9a9e\variant\variant.cpp.o
                0x00004080                SERCOM3_Handler
 .text.SERCOM2_Handler
                0x00004090       0x10 C:\Users\sahil\AppData\Local\Temp\VMBCore\arduino16x\6dc76b01c810974bd067ceda0deb9a9e\variant\variant.cpp.o
                0x00004090                SERCOM2_Handler
 .text.startup._GLOBAL__sub_I_g_APinDescription
                0x000040a0       0xbc C:\Users\sahil\AppData\Local\Temp\VMBCore\arduino16x\6dc76b01c810974bd067ceda0deb9a9e\variant\variant.cpp.o
 .text.Dummy_Handler
                0x0000415c        0x2 C:\Users\sahil\AppData\Local\Temp\VMBuilds\scara_IIOT\nano_33_iot\Debug/core.a(cortex_handlers.c.o)
                0x0000415c                DMAC_Handler
                0x0000415c                HardFault_Handler
                0x0000415c                AC_Handler
                0x0000415c                PendSV_Handler
                0x0000415c                NMI_Handler
                0x0000415c                TC7_Handler
                0x0000415c                ADC_Handler
                0x0000415c                TCC1_Handler
                0x0000415c                TCC0_Handler
                0x0000415c                RTC_Handler
                0x0000415c                TC6_Handler
                0x0000415c                WDT_Handler
                0x0000415c                TC4_Handler
                0x0000415c                TC3_Handler
                0x0000415c                Dummy_Handler
                0x0000415c                PM_Handler
                0x0000415c                SVC_Handler
                0x0000415c                TCC2_Handler
                0x0000415c                EVSYS_Handler
                0x0000415c                SERCOM4_Handler
                0x0000415c                I2S_Handler
                0x0000415c                NVMCTRL_Handler
                0x0000415c                SERCOM0_Handler
                0x0000415c                DAC_Handler
                0x0000415c                PTC_Handler
                0x0000415c                SYSCTRL_Handler
 *fill*         0x0000415e        0x2 
 .text.USB_Handler
                0x00004160       0x14 C:\Users\sahil\AppData\Local\Temp\VMBuilds\scara_IIOT\nano_33_iot\Debug/core.a(cortex_handlers.c.o)
                0x00004160                USB_Handler
 .text.Reset_Handler
                0x00004174       0x54 C:\Users\sahil\AppData\Local\Temp\VMBuilds\scara_IIOT\nano_33_iot\Debug/core.a(cortex_handlers.c.o)
                0x00004174                Reset_Handler
 .text.SysTick_Handler
                0x000041c8       0x10 C:\Users\sahil\AppData\Local\Temp\VMBuilds\scara_IIOT\nano_33_iot\Debug/core.a(cortex_handlers.c.o)
                0x000041c8                SysTick_Handler
 .text.USB_SetHandler
                0x000041d8        0xc C:\Users\sahil\AppData\Local\Temp\VMBuilds\scara_IIOT\nano_33_iot\Debug/core.a(cortex_handlers.c.o)
                0x000041d8                USB_SetHandler
 .text.millis   0x000041e4        0xc C:\Users\sahil\AppData\Local\Temp\VMBuilds\scara_IIOT\nano_33_iot\Debug/core.a(delay.c.o)
                0x000041e4                millis
 .text.micros   0x000041f0       0x60 C:\Users\sahil\AppData\Local\Temp\VMBuilds\scara_IIOT\nano_33_iot\Debug/core.a(delay.c.o)
                0x000041f0                micros
 .text.delay    0x00004250       0x30 C:\Users\sahil\AppData\Local\Temp\VMBuilds\scara_IIOT\nano_33_iot\Debug/core.a(delay.c.o)
                0x00004250                delay
 .text.resetExternalChip
                0x00004280        0x2 C:\Users\sahil\AppData\Local\Temp\VMBuilds\scara_IIOT\nano_33_iot\Debug/core.a(delay.c.o)
                0x00004280                resetExternalChip
 *fill*         0x00004282        0x2 
 .text.SysTick_DefaultHandler
                0x00004284       0x14 C:\Users\sahil\AppData\Local\Temp\VMBuilds\scara_IIOT\nano_33_iot\Debug/core.a(delay.c.o)
                0x00004284                SysTick_DefaultHandler
 .text.__empty  0x00004298        0x2 C:\Users\sahil\AppData\Local\Temp\VMBuilds\scara_IIOT\nano_33_iot\Debug/core.a(hooks.c.o)
                0x00004298                yield
 .text.__false  0x0000429a        0x4 C:\Users\sahil\AppData\Local\Temp\VMBuilds\scara_IIOT\nano_33_iot\Debug/core.a(hooks.c.o)
                0x0000429a                sysTickHook
 *fill*         0x0000429e        0x2 
 .text.SystemInit
                0x000042a0      0x194 C:\Users\sahil\AppData\Local\Temp\VMBuilds\scara_IIOT\nano_33_iot\Debug/core.a(startup.c.o)
                0x000042a0                SystemInit
 .text.attachInterrupt
                0x00004434      0x130 C:\Users\sahil\AppData\Local\Temp\VMBuilds\scara_IIOT\nano_33_iot\Debug/core.a(WInterrupts.c.o)
                0x00004434                attachInterrupt
 .text.EIC_Handler
                0x00004564       0x3c C:\Users\sahil\AppData\Local\Temp\VMBuilds\scara_IIOT\nano_33_iot\Debug/core.a(WInterrupts.c.o)
                0x00004564                EIC_Handler
 .text.init     0x000045a0       0xf0 C:\Users\sahil\AppData\Local\Temp\VMBuilds\scara_IIOT\nano_33_iot\Debug/core.a(wiring.c.o)
                0x000045a0                init
 .text.mapResolution
                0x00004690       0x12 C:\Users\sahil\AppData\Local\Temp\VMBuilds\scara_IIOT\nano_33_iot\Debug/core.a(wiring_analog.c.o)
 *fill*         0x000046a2        0x2 
 .text.analogReference
                0x000046a4       0x64 C:\Users\sahil\AppData\Local\Temp\VMBuilds\scara_IIOT\nano_33_iot\Debug/core.a(wiring_analog.c.o)
                0x000046a4                analogReference
 .text.analogRead
                0x00004708       0xd4 C:\Users\sahil\AppData\Local\Temp\VMBuilds\scara_IIOT\nano_33_iot\Debug/core.a(wiring_analog.c.o)
                0x00004708                analogRead
 .text.pinMode  0x000047dc       0x98 C:\Users\sahil\AppData\Local\Temp\VMBuilds\scara_IIOT\nano_33_iot\Debug/core.a(wiring_digital.c.o)
                0x000047dc                pinMode
 .text.digitalWrite
                0x00004874       0x58 C:\Users\sahil\AppData\Local\Temp\VMBuilds\scara_IIOT\nano_33_iot\Debug/core.a(wiring_digital.c.o)
                0x00004874                digitalWrite
 .text.digitalRead
                0x000048cc       0x30 C:\Users\sahil\AppData\Local\Temp\VMBuilds\scara_IIOT\nano_33_iot\Debug/core.a(wiring_digital.c.o)
                0x000048cc                digitalRead
 .text.pinPeripheral
                0x000048fc       0xc0 C:\Users\sahil\AppData\Local\Temp\VMBuilds\scara_IIOT\nano_33_iot\Debug/core.a(wiring_private.c.o)
                0x000048fc                pinPeripheral
 .text._ZNK9IPAddress7printToER5Print
                0x000049bc       0x44 C:\Users\sahil\AppData\Local\Temp\VMBuilds\scara_IIOT\nano_33_iot\Debug/core.a(IPAddress.cpp.o)
                0x000049bc                IPAddress::printTo(Print&) const
 .text._ZN9IPAddressC2Ev
                0x00004a00       0x10 C:\Users\sahil\AppData\Local\Temp\VMBuilds\scara_IIOT\nano_33_iot\Debug/core.a(IPAddress.cpp.o)
                0x00004a00                IPAddress::IPAddress()
                0x00004a00                IPAddress::IPAddress()
 .text._ZN9IPAddressC2Ehhhh
                0x00004a10       0x1c C:\Users\sahil\AppData\Local\Temp\VMBuilds\scara_IIOT\nano_33_iot\Debug/core.a(IPAddress.cpp.o)
                0x00004a10                IPAddress::IPAddress(unsigned char, unsigned char, unsigned char, unsigned char)
                0x00004a10                IPAddress::IPAddress(unsigned char, unsigned char, unsigned char, unsigned char)
 .text._ZN9IPAddressC2EPKh
                0x00004a2c       0x18 C:\Users\sahil\AppData\Local\Temp\VMBuilds\scara_IIOT\nano_33_iot\Debug/core.a(IPAddress.cpp.o)
                0x00004a2c                IPAddress::IPAddress(unsigned char const*)
                0x00004a2c                IPAddress::IPAddress(unsigned char const*)
 .text._ZN9IPAddressaSEPKh
                0x00004a44       0x10 C:\Users\sahil\AppData\Local\Temp\VMBuilds\scara_IIOT\nano_33_iot\Debug/core.a(IPAddress.cpp.o)
                0x00004a44                IPAddress::operator=(unsigned char const*)
 .text.startup.main
                0x00004a54       0x40 C:\Users\sahil\AppData\Local\Temp\VMBuilds\scara_IIOT\nano_33_iot\Debug/core.a(main.cpp.o)
                0x00004a54                main
 .text._ZN5Print5writeEPKhj
                0x00004a94       0x28 C:\Users\sahil\AppData\Local\Temp\VMBuilds\scara_IIOT\nano_33_iot\Debug/core.a(Print.cpp.o)
                0x00004a94                Print::write(unsigned char const*, unsigned int)
 .text._ZN5Print5writeEPKc.part.2
                0x00004abc       0x1a C:\Users\sahil\AppData\Local\Temp\VMBuilds\scara_IIOT\nano_33_iot\Debug/core.a(Print.cpp.o)
 .text._ZN5Print5writeEPKc
                0x00004ad6       0x10 C:\Users\sahil\AppData\Local\Temp\VMBuilds\scara_IIOT\nano_33_iot\Debug/core.a(Print.cpp.o)
                0x00004ad6                Print::write(char const*)
 .text._ZN5Print5printERK6String
                0x00004ae6        0xe C:\Users\sahil\AppData\Local\Temp\VMBuilds\scara_IIOT\nano_33_iot\Debug/core.a(Print.cpp.o)
                0x00004ae6                Print::print(String const&)
 .text._ZN5Print5printEPKc
                0x00004af4        0x8 C:\Users\sahil\AppData\Local\Temp\VMBuilds\scara_IIOT\nano_33_iot\Debug/core.a(Print.cpp.o)
                0x00004af4                Print::print(char const*)
 .text._ZN5Print5printEc
                0x00004afc        0xa C:\Users\sahil\AppData\Local\Temp\VMBuilds\scara_IIOT\nano_33_iot\Debug/core.a(Print.cpp.o)
                0x00004afc                Print::print(char)
 .text._ZN5Print5printERK9Printable
                0x00004b06       0x10 C:\Users\sahil\AppData\Local\Temp\VMBuilds\scara_IIOT\nano_33_iot\Debug/core.a(Print.cpp.o)
                0x00004b06                Print::print(Printable const&)
 *fill*         0x00004b16        0x2 
 .text._ZN5Print7printlnEv
                0x00004b18       0x10 C:\Users\sahil\AppData\Local\Temp\VMBuilds\scara_IIOT\nano_33_iot\Debug/core.a(Print.cpp.o)
                0x00004b18                Print::println()
 .text._ZN5Print7printlnERK6String
                0x00004b28       0x14 C:\Users\sahil\AppData\Local\Temp\VMBuilds\scara_IIOT\nano_33_iot\Debug/core.a(Print.cpp.o)
                0x00004b28                Print::println(String const&)
 .text._ZN5Print7printlnEPKc
                0x00004b3c       0x14 C:\Users\sahil\AppData\Local\Temp\VMBuilds\scara_IIOT\nano_33_iot\Debug/core.a(Print.cpp.o)
                0x00004b3c                Print::println(char const*)
 .text._ZN5Print7printlnEc
                0x00004b50       0x14 C:\Users\sahil\AppData\Local\Temp\VMBuilds\scara_IIOT\nano_33_iot\Debug/core.a(Print.cpp.o)
                0x00004b50                Print::println(char)
 .text._ZN5Print7printlnERK9Printable
                0x00004b64       0x14 C:\Users\sahil\AppData\Local\Temp\VMBuilds\scara_IIOT\nano_33_iot\Debug/core.a(Print.cpp.o)
                0x00004b64                Print::println(Printable const&)
 .text._ZN5Print11printNumberEmh
                0x00004b78       0x48 C:\Users\sahil\AppData\Local\Temp\VMBuilds\scara_IIOT\nano_33_iot\Debug/core.a(Print.cpp.o)
                0x00004b78                Print::printNumber(unsigned long, unsigned char)
 .text._ZN5Print5printEli
                0x00004bc0       0x3e C:\Users\sahil\AppData\Local\Temp\VMBuilds\scara_IIOT\nano_33_iot\Debug/core.a(Print.cpp.o)
                0x00004bc0                Print::print(long, int)
 .text._ZN5Print5printEmi
                0x00004bfe       0x18 C:\Users\sahil\AppData\Local\Temp\VMBuilds\scara_IIOT\nano_33_iot\Debug/core.a(Print.cpp.o)
                0x00004bfe                Print::print(unsigned long, int)
 .text._ZN5Print5printEhi
                0x00004c16        0x8 C:\Users\sahil\AppData\Local\Temp\VMBuilds\scara_IIOT\nano_33_iot\Debug/core.a(Print.cpp.o)
                0x00004c16                Print::print(unsigned char, int)
 .text._ZN5Print7printlnEhi
                0x00004c1e       0x14 C:\Users\sahil\AppData\Local\Temp\VMBuilds\scara_IIOT\nano_33_iot\Debug/core.a(Print.cpp.o)
                0x00004c1e                Print::println(unsigned char, int)
 .text._ZN5Print5printEji
                0x00004c32        0x8 C:\Users\sahil\AppData\Local\Temp\VMBuilds\scara_IIOT\nano_33_iot\Debug/core.a(Print.cpp.o)
                0x00004c32                Print::print(unsigned int, int)
 *fill*         0x00004c3a        0x2 
 .text.initiateReset
                0x00004c3c       0x14 C:\Users\sahil\AppData\Local\Temp\VMBuilds\scara_IIOT\nano_33_iot\Debug/core.a(Reset.cpp.o)
                0x00004c3c                initiateReset
 .text.cancelReset
                0x00004c50       0x10 C:\Users\sahil\AppData\Local\Temp\VMBuilds\scara_IIOT\nano_33_iot\Debug/core.a(Reset.cpp.o)
                0x00004c50                cancelReset
 .text.tickReset
                0x00004c60       0x78 C:\Users\sahil\AppData\Local\Temp\VMBuilds\scara_IIOT\nano_33_iot\Debug/core.a(Reset.cpp.o)
                0x00004c60                tickReset
 .text._ZN6SERCOMC2EP6Sercom
                0x00004cd8        0x4 C:\Users\sahil\AppData\Local\Temp\VMBuilds\scara_IIOT\nano_33_iot\Debug/core.a(SERCOM.cpp.o)
                0x00004cd8                SERCOM::SERCOM(Sercom*)
                0x00004cd8                SERCOM::SERCOM(Sercom*)
 .text._ZN6SERCOM9initFrameE18SercomUartCharSize15SercomDataOrder16SercomParityMode19SercomNumberStopBit
                0x00004cdc       0x3a C:\Users\sahil\AppData\Local\Temp\VMBuilds\scara_IIOT\nano_33_iot\Debug/core.a(SERCOM.cpp.o)
                0x00004cdc                SERCOM::initFrame(SercomUartCharSize, SercomDataOrder, SercomParityMode, SercomNumberStopBit)
 .text._ZN6SERCOM8initPadsE15SercomUartTXPad11SercomRXPad
                0x00004d16       0x26 C:\Users\sahil\AppData\Local\Temp\VMBuilds\scara_IIOT\nano_33_iot\Debug/core.a(SERCOM.cpp.o)
                0x00004d16                SERCOM::initPads(SercomUartTXPad, SercomRXPad)
 .text._ZN6SERCOM9resetUARTEv
                0x00004d3c       0x1a C:\Users\sahil\AppData\Local\Temp\VMBuilds\scara_IIOT\nano_33_iot\Debug/core.a(SERCOM.cpp.o)
                0x00004d3c                SERCOM::resetUART()
 .text._ZN6SERCOM10enableUARTEv
                0x00004d56       0x14 C:\Users\sahil\AppData\Local\Temp\VMBuilds\scara_IIOT\nano_33_iot\Debug/core.a(SERCOM.cpp.o)
                0x00004d56                SERCOM::enableUART()
 .text._ZN6SERCOM9flushUARTEv
                0x00004d6a       0x10 C:\Users\sahil\AppData\Local\Temp\VMBuilds\scara_IIOT\nano_33_iot\Debug/core.a(SERCOM.cpp.o)
                0x00004d6a                SERCOM::flushUART()
 .text._ZN6SERCOM15clearStatusUARTEv
                0x00004d7a        0x8 C:\Users\sahil\AppData\Local\Temp\VMBuilds\scara_IIOT\nano_33_iot\Debug/core.a(SERCOM.cpp.o)
                0x00004d7a                SERCOM::clearStatusUART()
 .text._ZN6SERCOM17availableDataUARTEv
                0x00004d82        0xa C:\Users\sahil\AppData\Local\Temp\VMBuilds\scara_IIOT\nano_33_iot\Debug/core.a(SERCOM.cpp.o)
                0x00004d82                SERCOM::availableDataUART()
 .text._ZN6SERCOM11isUARTErrorEv
                0x00004d8c        0x8 C:\Users\sahil\AppData\Local\Temp\VMBuilds\scara_IIOT\nano_33_iot\Debug/core.a(SERCOM.cpp.o)
                0x00004d8c                SERCOM::isUARTError()
 .text._ZN6SERCOM20acknowledgeUARTErrorEv
                0x00004d94        0xe C:\Users\sahil\AppData\Local\Temp\VMBuilds\scara_IIOT\nano_33_iot\Debug/core.a(SERCOM.cpp.o)
                0x00004d94                SERCOM::acknowledgeUARTError()
 .text._ZN6SERCOM16isFrameErrorUARTEv
                0x00004da2        0xa C:\Users\sahil\AppData\Local\Temp\VMBuilds\scara_IIOT\nano_33_iot\Debug/core.a(SERCOM.cpp.o)
                0x00004da2                SERCOM::isFrameErrorUART()
 .text._ZN6SERCOM19clearFrameErrorUARTEv
                0x00004dac        0xc C:\Users\sahil\AppData\Local\Temp\VMBuilds\scara_IIOT\nano_33_iot\Debug/core.a(SERCOM.cpp.o)
                0x00004dac                SERCOM::clearFrameErrorUART()
 .text._ZN6SERCOM23isDataRegisterEmptyUARTEv
                0x00004db8        0xa C:\Users\sahil\AppData\Local\Temp\VMBuilds\scara_IIOT\nano_33_iot\Debug/core.a(SERCOM.cpp.o)
                0x00004db8                SERCOM::isDataRegisterEmptyUART()
 .text._ZN6SERCOM12readDataUARTEv
                0x00004dc2        0x8 C:\Users\sahil\AppData\Local\Temp\VMBuilds\scara_IIOT\nano_33_iot\Debug/core.a(SERCOM.cpp.o)
                0x00004dc2                SERCOM::readDataUART()
 .text._ZN6SERCOM13writeDataUARTEh
                0x00004dca       0x10 C:\Users\sahil\AppData\Local\Temp\VMBuilds\scara_IIOT\nano_33_iot\Debug/core.a(SERCOM.cpp.o)
                0x00004dca                SERCOM::writeDataUART(unsigned char)
 .text._ZN6SERCOM36enableDataRegisterEmptyInterruptUARTEv
                0x00004dda        0x8 C:\Users\sahil\AppData\Local\Temp\VMBuilds\scara_IIOT\nano_33_iot\Debug/core.a(SERCOM.cpp.o)
                0x00004dda                SERCOM::enableDataRegisterEmptyInterruptUART()
 .text._ZN6SERCOM37disableDataRegisterEmptyInterruptUARTEv
                0x00004de2        0x8 C:\Users\sahil\AppData\Local\Temp\VMBuilds\scara_IIOT\nano_33_iot\Debug/core.a(SERCOM.cpp.o)
                0x00004de2                SERCOM::disableDataRegisterEmptyInterruptUART()
 *fill*         0x00004dea        0x2 
 .text._ZN6SERCOM12initSPIClockE18SercomSpiClockModem
                0x00004dec       0x30 C:\Users\sahil\AppData\Local\Temp\VMBuilds\scara_IIOT\nano_33_iot\Debug/core.a(SERCOM.cpp.o)
                0x00004dec                SERCOM::initSPIClock(SercomSpiClockMode, unsigned long)
 .text._ZN6SERCOM8resetSPIEv
                0x00004e1c       0x1a C:\Users\sahil\AppData\Local\Temp\VMBuilds\scara_IIOT\nano_33_iot\Debug/core.a(SERCOM.cpp.o)
                0x00004e1c                SERCOM::resetSPI()
 .text._ZN6SERCOM9enableSPIEv
                0x00004e36       0x14 C:\Users\sahil\AppData\Local\Temp\VMBuilds\scara_IIOT\nano_33_iot\Debug/core.a(SERCOM.cpp.o)
                0x00004e36                SERCOM::enableSPI()
 .text._ZN6SERCOM10disableSPIEv
                0x00004e4a       0x12 C:\Users\sahil\AppData\Local\Temp\VMBuilds\scara_IIOT\nano_33_iot\Debug/core.a(SERCOM.cpp.o)
                0x00004e4a                SERCOM::disableSPI()
 .text._ZN6SERCOM15transferDataSPIEh
                0x00004e5c       0x1a C:\Users\sahil\AppData\Local\Temp\VMBuilds\scara_IIOT\nano_33_iot\Debug/core.a(SERCOM.cpp.o)
                0x00004e5c                SERCOM::transferDataSPI(unsigned char)
 *fill*         0x00004e76        0x2 
 .text._ZN6SERCOM13initClockNVICEv
                0x00004e78       0xa8 C:\Users\sahil\AppData\Local\Temp\VMBuilds\scara_IIOT\nano_33_iot\Debug/core.a(SERCOM.cpp.o)
                0x00004e78                SERCOM::initClockNVIC()
 .text._ZN6SERCOM8initUARTE14SercomUartMode20SercomUartSampleRatem
                0x00004f20       0x6c C:\Users\sahil\AppData\Local\Temp\VMBuilds\scara_IIOT\nano_33_iot\Debug/core.a(SERCOM.cpp.o)
                0x00004f20                SERCOM::initUART(SercomUartMode, SercomUartSampleRate, unsigned long)
 .text._ZN6SERCOM7initSPIE14SercomSpiTXPad11SercomRXPad17SercomSpiCharSize15SercomDataOrder
                0x00004f8c       0x4a C:\Users\sahil\AppData\Local\Temp\VMBuilds\scara_IIOT\nano_33_iot\Debug/core.a(SERCOM.cpp.o)
                0x00004f8c                SERCOM::initSPI(SercomSpiTXPad, SercomRXPad, SercomSpiCharSize, SercomDataOrder)
 .text._ZN6Stream9timedReadEv
                0x00004fd6       0x2a C:\Users\sahil\AppData\Local\Temp\VMBuilds\scara_IIOT\nano_33_iot\Debug/core.a(Stream.cpp.o)
                0x00004fd6                Stream::timedRead()
 .text._ZN6Stream9timedPeekEv
                0x00005000       0x2a C:\Users\sahil\AppData\Local\Temp\VMBuilds\scara_IIOT\nano_33_iot\Debug/core.a(Stream.cpp.o)
                0x00005000                Stream::timedPeek()
 *fill*         0x0000502a        0x2 
 .text._ZN6Stream13peekNextDigitE13LookaheadModeb
                0x0000502c       0x54 C:\Users\sahil\AppData\Local\Temp\VMBuilds\scara_IIOT\nano_33_iot\Debug/core.a(Stream.cpp.o)
                0x0000502c                Stream::peekNextDigit(LookaheadMode, bool)
 .text._ZN6Stream8parseIntE13LookaheadModec
                0x00005080       0x54 C:\Users\sahil\AppData\Local\Temp\VMBuilds\scara_IIOT\nano_33_iot\Debug/core.a(Stream.cpp.o)
                0x00005080                Stream::parseInt(LookaheadMode, char)
 .text._ZN6Stream10readStringEv
                0x000050d4       0x28 C:\Users\sahil\AppData\Local\Temp\VMBuilds\scara_IIOT\nano_33_iot\Debug/core.a(Stream.cpp.o)
                0x000050d4                Stream::readString()
 .text._ZN6Stream9findMultiEPNS_11MultiTargetEi
                0x000050fc       0xb0 C:\Users\sahil\AppData\Local\Temp\VMBuilds\scara_IIOT\nano_33_iot\Debug/core.a(Stream.cpp.o)
                0x000050fc                Stream::findMulti(Stream::MultiTarget*, int)
 .text._ZN6Stream4findEPc
                0x000051ac       0x2a C:\Users\sahil\AppData\Local\Temp\VMBuilds\scara_IIOT\nano_33_iot\Debug/core.a(Stream.cpp.o)
                0x000051ac                Stream::find(char*)
 .text._ZN4UartcvbEv
                0x000051d6        0x4 C:\Users\sahil\AppData\Local\Temp\VMBuilds\scara_IIOT\nano_33_iot\Debug/core.a(Uart.cpp.o)
                0x000051d6                Uart::operator bool()
 *fill*         0x000051da        0x2 
 .text._ZN4Uart5beginEm
                0x000051dc       0x10 C:\Users\sahil\AppData\Local\Temp\VMBuilds\scara_IIOT\nano_33_iot\Debug/core.a(Uart.cpp.o)
                0x000051dc                Uart::begin(unsigned long)
 .text._ZN4Uart4peekEv
                0x000051ec       0x1a C:\Users\sahil\AppData\Local\Temp\VMBuilds\scara_IIOT\nano_33_iot\Debug/core.a(Uart.cpp.o)
                0x000051ec                Uart::peek()
 .text._ZN4Uart3endEv
                0x00005206       0x20 C:\Users\sahil\AppData\Local\Temp\VMBuilds\scara_IIOT\nano_33_iot\Debug/core.a(Uart.cpp.o)
                0x00005206                Uart::end()
 .text._ZN4Uart16extractNbStopBitEt
                0x00005226        0xc C:\Users\sahil\AppData\Local\Temp\VMBuilds\scara_IIOT\nano_33_iot\Debug/core.a(Uart.cpp.o)
                0x00005226                Uart::extractNbStopBit(unsigned short)
 .text._ZN4Uart15extractCharSizeEt
                0x00005232       0x28 C:\Users\sahil\AppData\Local\Temp\VMBuilds\scara_IIOT\nano_33_iot\Debug/core.a(Uart.cpp.o)
                0x00005232                Uart::extractCharSize(unsigned short)
 .text._ZN4Uart13extractParityEt
                0x0000525a       0x14 C:\Users\sahil\AppData\Local\Temp\VMBuilds\scara_IIOT\nano_33_iot\Debug/core.a(Uart.cpp.o)
                0x0000525a                Uart::extractParity(unsigned short)
 *fill*         0x0000526e        0x2 
 .text._ZN4Uart5beginEmt
                0x00005270       0xf8 C:\Users\sahil\AppData\Local\Temp\VMBuilds\scara_IIOT\nano_33_iot\Debug/core.a(Uart.cpp.o)
                0x00005270                Uart::begin(unsigned long, unsigned short)
 .text._ZN11RingBufferNILi256EEC2Ev
                0x00005368       0x1c C:\Users\sahil\AppData\Local\Temp\VMBuilds\scara_IIOT\nano_33_iot\Debug/core.a(Uart.cpp.o)
                0x00005368                RingBufferN<256>::RingBufferN()
                0x00005368                RingBufferN<256>::RingBufferN()
 .text._ZN4UartC2EP6SERCOMhh11SercomRXPad15SercomUartTXPadhh
                0x00005384       0x88 C:\Users\sahil\AppData\Local\Temp\VMBuilds\scara_IIOT\nano_33_iot\Debug/core.a(Uart.cpp.o)
                0x00005384                Uart::Uart(SERCOM*, unsigned char, unsigned char, SercomRXPad, SercomUartTXPad, unsigned char, unsigned char)
                0x00005384                Uart::Uart(SERCOM*, unsigned char, unsigned char, SercomRXPad, SercomUartTXPad, unsigned char, unsigned char)
 .text._ZN4UartC2EP6SERCOMhh11SercomRXPad15SercomUartTXPad
                0x0000540c       0x74 C:\Users\sahil\AppData\Local\Temp\VMBuilds\scara_IIOT\nano_33_iot\Debug/core.a(Uart.cpp.o)
                0x0000540c                Uart::Uart(SERCOM*, unsigned char, unsigned char, SercomRXPad, SercomUartTXPad)
                0x0000540c                Uart::Uart(SERCOM*, unsigned char, unsigned char, SercomRXPad, SercomUartTXPad)
 .text._ZN11RingBufferNILi256EE9availableEv
                0x00005480       0x12 C:\Users\sahil\AppData\Local\Temp\VMBuilds\scara_IIOT\nano_33_iot\Debug/core.a(Uart.cpp.o)
                0x00005480                RingBufferN<256>::available()
 .text._ZN4Uart5flushEv
                0x00005492       0x1a C:\Users\sahil\AppData\Local\Temp\VMBuilds\scara_IIOT\nano_33_iot\Debug/core.a(Uart.cpp.o)
                0x00005492                Uart::flush()
 .text._ZN4Uart9availableEv
                0x000054ac        0xa C:\Users\sahil\AppData\Local\Temp\VMBuilds\scara_IIOT\nano_33_iot\Debug/core.a(Uart.cpp.o)
                0x000054ac                Uart::available()
 .text._ZN11RingBufferNILi256EE17availableForStoreEv
                0x000054b6       0x20 C:\Users\sahil\AppData\Local\Temp\VMBuilds\scara_IIOT\nano_33_iot\Debug/core.a(Uart.cpp.o)
                0x000054b6                RingBufferN<256>::availableForStore()
 .text._ZN4Uart17availableForWriteEv
                0x000054d6        0xc C:\Users\sahil\AppData\Local\Temp\VMBuilds\scara_IIOT\nano_33_iot\Debug/core.a(Uart.cpp.o)
                0x000054d6                Uart::availableForWrite()
 .text._ZN4Uart10IrqHandlerEv
                0x000054e2       0xcc C:\Users\sahil\AppData\Local\Temp\VMBuilds\scara_IIOT\nano_33_iot\Debug/core.a(Uart.cpp.o)
                0x000054e2                Uart::IrqHandler()
 *fill*         0x000055ae        0x2 
 .text._ZN4Uart5writeEh
                0x000055b0       0xb4 C:\Users\sahil\AppData\Local\Temp\VMBuilds\scara_IIOT\nano_33_iot\Debug/core.a(Uart.cpp.o)
                0x000055b0                Uart::write(unsigned char)
 .text._ZN4Uart4readEv
                0x00005664       0x4c C:\Users\sahil\AppData\Local\Temp\VMBuilds\scara_IIOT\nano_33_iot\Debug/core.a(Uart.cpp.o)
                0x00005664                Uart::read()
 .text._ZN6StringD2Ev
                0x000056b0        0xe C:\Users\sahil\AppData\Local\Temp\VMBuilds\scara_IIOT\nano_33_iot\Debug/core.a(WString.cpp.o)
                0x000056b0                String::~String()
                0x000056b0                String::~String()
 .text._ZN6String10invalidateEv
                0x000056be       0x18 C:\Users\sahil\AppData\Local\Temp\VMBuilds\scara_IIOT\nano_33_iot\Debug/core.a(WString.cpp.o)
                0x000056be                String::invalidate()
 .text._ZN6String12changeBufferEj
                0x000056d6       0x18 C:\Users\sahil\AppData\Local\Temp\VMBuilds\scara_IIOT\nano_33_iot\Debug/core.a(WString.cpp.o)
                0x000056d6                String::changeBuffer(unsigned int)
 .text._ZN6String7reserveEj
                0x000056ee       0x2a C:\Users\sahil\AppData\Local\Temp\VMBuilds\scara_IIOT\nano_33_iot\Debug/core.a(WString.cpp.o)
                0x000056ee                String::reserve(unsigned int)
 .text._ZN6String4copyEPKcj
                0x00005718       0x28 C:\Users\sahil\AppData\Local\Temp\VMBuilds\scara_IIOT\nano_33_iot\Debug/core.a(WString.cpp.o)
                0x00005718                String::copy(char const*, unsigned int)
 .text._ZN6StringC2EPKc
                0x00005740       0x26 C:\Users\sahil\AppData\Local\Temp\VMBuilds\scara_IIOT\nano_33_iot\Debug/core.a(WString.cpp.o)
                0x00005740                String::String(char const*)
                0x00005740                String::String(char const*)
 .text._ZN6StringaSEPKc.part.3
                0x00005766       0x18 C:\Users\sahil\AppData\Local\Temp\VMBuilds\scara_IIOT\nano_33_iot\Debug/core.a(WString.cpp.o)
 .text._ZN6StringC2Eih
                0x0000577e       0x24 C:\Users\sahil\AppData\Local\Temp\VMBuilds\scara_IIOT\nano_33_iot\Debug/core.a(WString.cpp.o)
                0x0000577e                String::String(int, unsigned char)
                0x0000577e                String::String(int, unsigned char)
 .text._ZN6StringC2Ejh
                0x000057a2       0x24 C:\Users\sahil\AppData\Local\Temp\VMBuilds\scara_IIOT\nano_33_iot\Debug/core.a(WString.cpp.o)
                0x000057a2                String::String(unsigned int, unsigned char)
                0x000057a2                String::String(unsigned int, unsigned char)
 .text._ZN6StringC2Emh
                0x000057c6       0x24 C:\Users\sahil\AppData\Local\Temp\VMBuilds\scara_IIOT\nano_33_iot\Debug/core.a(WString.cpp.o)
                0x000057c6                String::String(unsigned long, unsigned char)
                0x000057c6                String::String(unsigned long, unsigned char)
 .text._ZN6StringaSERKS_
                0x000057ea       0x20 C:\Users\sahil\AppData\Local\Temp\VMBuilds\scara_IIOT\nano_33_iot\Debug/core.a(WString.cpp.o)
                0x000057ea                String::operator=(String const&)
 .text._ZN6StringC2ERKS_
                0x0000580a       0x14 C:\Users\sahil\AppData\Local\Temp\VMBuilds\scara_IIOT\nano_33_iot\Debug/core.a(WString.cpp.o)
                0x0000580a                String::String(String const&)
                0x0000580a                String::String(String const&)
 .text._ZN6StringaSEPKc
                0x0000581e       0x16 C:\Users\sahil\AppData\Local\Temp\VMBuilds\scara_IIOT\nano_33_iot\Debug/core.a(WString.cpp.o)
                0x0000581e                String::operator=(char const*)
 .text._ZN6StringC2Efh
                0x00005834       0x34 C:\Users\sahil\AppData\Local\Temp\VMBuilds\scara_IIOT\nano_33_iot\Debug/core.a(WString.cpp.o)
                0x00005834                String::String(float, unsigned char)
                0x00005834                String::String(float, unsigned char)
 .text._ZN6String6concatEPKcj
                0x00005868       0x32 C:\Users\sahil\AppData\Local\Temp\VMBuilds\scara_IIOT\nano_33_iot\Debug/core.a(WString.cpp.o)
                0x00005868                String::concat(char const*, unsigned int)
 .text._ZN6String6concatEPKc
                0x0000589a       0x1e C:\Users\sahil\AppData\Local\Temp\VMBuilds\scara_IIOT\nano_33_iot\Debug/core.a(WString.cpp.o)
                0x0000589a                String::concat(char const*)
 .text._ZN6String6concatEc
                0x000058b8       0x14 C:\Users\sahil\AppData\Local\Temp\VMBuilds\scara_IIOT\nano_33_iot\Debug/core.a(WString.cpp.o)
                0x000058b8                String::concat(char)
 .text._ZplRK15StringSumHelperRK6String
                0x000058cc       0x1a C:\Users\sahil\AppData\Local\Temp\VMBuilds\scara_IIOT\nano_33_iot\Debug/core.a(WString.cpp.o)
                0x000058cc                operator+(StringSumHelper const&, String const&)
 .text._ZplRK15StringSumHelperPKc
                0x000058e6       0x28 C:\Users\sahil\AppData\Local\Temp\VMBuilds\scara_IIOT\nano_33_iot\Debug/core.a(WString.cpp.o)
                0x000058e6                operator+(StringSumHelper const&, char const*)
 .text._ZNK6String9compareToERKS_
                0x0000590e       0x3a C:\Users\sahil\AppData\Local\Temp\VMBuilds\scara_IIOT\nano_33_iot\Debug/core.a(WString.cpp.o)
                0x0000590e                String::compareTo(String const&) const
 .text._ZNK6String6equalsEPKc
                0x00005948       0x28 C:\Users\sahil\AppData\Local\Temp\VMBuilds\scara_IIOT\nano_33_iot\Debug/core.a(WString.cpp.o)
                0x00005948                String::equals(char const*) const
 .text._ZNK6StringltERKS_
                0x00005970        0xa C:\Users\sahil\AppData\Local\Temp\VMBuilds\scara_IIOT\nano_33_iot\Debug/core.a(WString.cpp.o)
                0x00005970                String::operator<(String const&) const
 .text._ZN7Serial_13getDescriptorER8USBSetup
                0x0000597a        0x4 C:\Users\sahil\AppData\Local\Temp\VMBuilds\scara_IIOT\nano_33_iot\Debug/core.a(CDC.cpp.o)
                0x0000597a                Serial_::getDescriptor(USBSetup&)
 .text._ZL5utox8mPc
                0x0000597e       0x24 C:\Users\sahil\AppData\Local\Temp\VMBuilds\scara_IIOT\nano_33_iot\Debug/core.a(CDC.cpp.o)
 *fill*         0x000059a2        0x2 
 .text._ZN7Serial_12getShortNameEPc
                0x000059a4       0x44 C:\Users\sahil\AppData\Local\Temp\VMBuilds\scara_IIOT\nano_33_iot\Debug/core.a(CDC.cpp.o)
                0x000059a4                Serial_::getShortName(char*)
 .text._ZThn16_N7Serial_12getShortNameEPc
                0x000059e8       0x10 C:\Users\sahil\AppData\Local\Temp\VMBuilds\scara_IIOT\nano_33_iot\Debug/core.a(CDC.cpp.o)
                0x000059e8                non-virtual thunk to Serial_::getShortName(char*)
 .text._ZN7Serial_14handleEndpointEi
                0x000059f8        0x2 C:\Users\sahil\AppData\Local\Temp\VMBuilds\scara_IIOT\nano_33_iot\Debug/core.a(CDC.cpp.o)
                0x000059f8                Serial_::handleEndpoint(int)
 .text._ZN7Serial_17availableForWriteEv
                0x000059fa        0x4 C:\Users\sahil\AppData\Local\Temp\VMBuilds\scara_IIOT\nano_33_iot\Debug/core.a(CDC.cpp.o)
                0x000059fa                Serial_::availableForWrite()
 .text._ZN7Serial_5writeEh
                0x000059fe       0x14 C:\Users\sahil\AppData\Local\Temp\VMBuilds\scara_IIOT\nano_33_iot\Debug/core.a(CDC.cpp.o)
                0x000059fe                Serial_::write(unsigned char)
 *fill*         0x00005a12        0x2 
 .text._ZN7Serial_12getInterfaceEPh
                0x00005a14      0x11c C:\Users\sahil\AppData\Local\Temp\VMBuilds\scara_IIOT\nano_33_iot\Debug/core.a(CDC.cpp.o)
                0x00005a14                Serial_::getInterface(unsigned char*)
 .text._ZThn16_N7Serial_12getInterfaceEPh
                0x00005b30       0x10 C:\Users\sahil\AppData\Local\Temp\VMBuilds\scara_IIOT\nano_33_iot\Debug/core.a(CDC.cpp.o)
                0x00005b30                non-virtual thunk to Serial_::getInterface(unsigned char*)
 .text._ZN7Serial_5setupER8USBSetup
                0x00005b40       0xa8 C:\Users\sahil\AppData\Local\Temp\VMBuilds\scara_IIOT\nano_33_iot\Debug/core.a(CDC.cpp.o)
                0x00005b40                Serial_::setup(USBSetup&)
 .text._ZThn16_N7Serial_5setupER8USBSetup
                0x00005be8       0x10 C:\Users\sahil\AppData\Local\Temp\VMBuilds\scara_IIOT\nano_33_iot\Debug/core.a(CDC.cpp.o)
                0x00005be8                non-virtual thunk to Serial_::setup(USBSetup&)
 .text._ZN7Serial_9availableEv
                0x00005bf8       0x20 C:\Users\sahil\AppData\Local\Temp\VMBuilds\scara_IIOT\nano_33_iot\Debug/core.a(CDC.cpp.o)
                0x00005bf8                Serial_::available()
 .text._ZN7Serial_5flushEv
                0x00005c18        0xe C:\Users\sahil\AppData\Local\Temp\VMBuilds\scara_IIOT\nano_33_iot\Debug/core.a(CDC.cpp.o)
                0x00005c18                Serial_::flush()
 .text._ZN7Serial_5clearEv
                0x00005c26        0xe C:\Users\sahil\AppData\Local\Temp\VMBuilds\scara_IIOT\nano_33_iot\Debug/core.a(CDC.cpp.o)
                0x00005c26                Serial_::clear()
 .text._ZN7Serial_5writeEPKhj
                0x00005c34       0x1e C:\Users\sahil\AppData\Local\Temp\VMBuilds\scara_IIOT\nano_33_iot\Debug/core.a(CDC.cpp.o)
                0x00005c34                Serial_::write(unsigned char const*, unsigned int)
 *fill*         0x00005c52        0x2 
 .text._ZN7Serial_4peekEv
                0x00005c54       0x1c C:\Users\sahil\AppData\Local\Temp\VMBuilds\scara_IIOT\nano_33_iot\Debug/core.a(CDC.cpp.o)
                0x00005c54                Serial_::peek()
 .text._ZN7Serial_4readEv
                0x00005c70       0x24 C:\Users\sahil\AppData\Local\Temp\VMBuilds\scara_IIOT\nano_33_iot\Debug/core.a(CDC.cpp.o)
                0x00005c70                Serial_::read()
 .text._ZThn16_N7Serial_14handleEndpointEi
                0x00005c94        0x2 C:\Users\sahil\AppData\Local\Temp\VMBuilds\scara_IIOT\nano_33_iot\Debug/core.a(CDC.cpp.o)
                0x00005c94                non-virtual thunk to Serial_::handleEndpoint(int)
 .text._ZThn16_N7Serial_13getDescriptorER8USBSetup
                0x00005c96        0x4 C:\Users\sahil\AppData\Local\Temp\VMBuilds\scara_IIOT\nano_33_iot\Debug/core.a(CDC.cpp.o)
                0x00005c96                non-virtual thunk to Serial_::getDescriptor(USBSetup&)
 *fill*         0x00005c9a        0x2 
 .text._ZN7Serial_C2ER14USBDeviceClass
                0x00005c9c       0x50 C:\Users\sahil\AppData\Local\Temp\VMBuilds\scara_IIOT\nano_33_iot\Debug/core.a(CDC.cpp.o)
                0x00005c9c                Serial_::Serial_(USBDeviceClass&)
                0x00005c9c                Serial_::Serial_(USBDeviceClass&)
 .text._ZN7Serial_15enableInterruptEv
                0x00005cec       0x30 C:\Users\sahil\AppData\Local\Temp\VMBuilds\scara_IIOT\nano_33_iot\Debug/core.a(CDC.cpp.o)
                0x00005cec                Serial_::enableInterrupt()
 .text._ZN7Serial_5beginEm
                0x00005d1c        0x2 C:\Users\sahil\AppData\Local\Temp\VMBuilds\scara_IIOT\nano_33_iot\Debug/core.a(CDC.cpp.o)
                0x00005d1c                Serial_::begin(unsigned long)
 *fill*         0x00005d1e        0x2 
 .text._ZN7Serial_cvbEv
                0x00005d20       0x28 C:\Users\sahil\AppData\Local\Temp\VMBuilds\scara_IIOT\nano_33_iot\Debug/core.a(CDC.cpp.o)
                0x00005d20                Serial_::operator bool()
 .text.startup._GLOBAL__sub_I__ZN7Serial_12getInterfaceEPh
                0x00005d48       0x14 C:\Users\sahil\AppData\Local\Temp\VMBuilds\scara_IIOT\nano_33_iot\Debug/core.a(CDC.cpp.o)
 .text._ZN13PluggableUSB_12getInterfaceEPh
                0x00005d5c       0x28 C:\Users\sahil\AppData\Local\Temp\VMBuilds\scara_IIOT\nano_33_iot\Debug/core.a(PluggableUSB.cpp.o)
                0x00005d5c                PluggableUSB_::getInterface(unsigned char*)
 .text._ZN13PluggableUSB_13getDescriptorER8USBSetup
                0x00005d84       0x20 C:\Users\sahil\AppData\Local\Temp\VMBuilds\scara_IIOT\nano_33_iot\Debug/core.a(PluggableUSB.cpp.o)
                0x00005d84                PluggableUSB_::getDescriptor(USBSetup&)
 .text._ZN13PluggableUSB_12getShortNameEPc
                0x00005da4       0x26 C:\Users\sahil\AppData\Local\Temp\VMBuilds\scara_IIOT\nano_33_iot\Debug/core.a(PluggableUSB.cpp.o)
                0x00005da4                PluggableUSB_::getShortName(char*)
 .text._ZN13PluggableUSB_5setupER8USBSetup
                0x00005dca       0x20 C:\Users\sahil\AppData\Local\Temp\VMBuilds\scara_IIOT\nano_33_iot\Debug/core.a(PluggableUSB.cpp.o)
                0x00005dca                PluggableUSB_::setup(USBSetup&)
 .text._ZN13PluggableUSB_14handleEndpointEi
                0x00005dea       0x1a C:\Users\sahil\AppData\Local\Temp\VMBuilds\scara_IIOT\nano_33_iot\Debug/core.a(PluggableUSB.cpp.o)
                0x00005dea                PluggableUSB_::handleEndpoint(int)
 .text._ZN13PluggableUSB_4plugEP18PluggableUSBModule
                0x00005e04       0x58 C:\Users\sahil\AppData\Local\Temp\VMBuilds\scara_IIOT\nano_33_iot\Debug/core.a(PluggableUSB.cpp.o)
                0x00005e04                PluggableUSB_::plug(PluggableUSBModule*)
 .text._Z12PluggableUSBv
                0x00005e5c       0x24 C:\Users\sahil\AppData\Local\Temp\VMBuilds\scara_IIOT\nano_33_iot\Debug/core.a(PluggableUSB.cpp.o)
                0x00005e5c                PluggableUSB()
 .text._ZN26DoubleBufferedEPOutHandlerD2Ev
                0x00005e80        0x2 C:\Users\sahil\AppData\Local\Temp\VMBuilds\scara_IIOT\nano_33_iot\Debug/core.a(USBCore.cpp.o)
                0x00005e80                DoubleBufferedEPOutHandler::~DoubleBufferedEPOutHandler()
                0x00005e80                DoubleBufferedEPOutHandler::~DoubleBufferedEPOutHandler()
 .text._ZN26DoubleBufferedEPOutHandlerD0Ev
                0x00005e82        0xc C:\Users\sahil\AppData\Local\Temp\VMBuilds\scara_IIOT\nano_33_iot\Debug/core.a(USBCore.cpp.o)
                0x00005e82                DoubleBufferedEPOutHandler::~DoubleBufferedEPOutHandler()
 *fill*         0x00005e8e        0x2 
 .text._ZN14USBDeviceClass6initEPEmm.part.7
                0x00005e90       0xc4 C:\Users\sahil\AppData\Local\Temp\VMBuilds\scara_IIOT\nano_33_iot\Debug/core.a(USBCore.cpp.o)
 .text._ZN7__GuardC2Ev
                0x00005f54        0xe C:\Users\sahil\AppData\Local\Temp\VMBuilds\scara_IIOT\nano_33_iot\Debug/core.a(USBCore.cpp.o)
                0x00005f54                __Guard::__Guard()
                0x00005f54                __Guard::__Guard()
 .text._ZN7__GuardD2Ev
                0x00005f62        0xe C:\Users\sahil\AppData\Local\Temp\VMBuilds\scara_IIOT\nano_33_iot\Debug/core.a(USBCore.cpp.o)
                0x00005f62                __Guard::~__Guard()
                0x00005f62                __Guard::~__Guard()
 .text._ZNK26DoubleBufferedEPOutHandler10_availableEv
                0x00005f70       0x70 C:\Users\sahil\AppData\Local\Temp\VMBuilds\scara_IIOT\nano_33_iot\Debug/core.a(USBCore.cpp.o)
                0x00005f70                DoubleBufferedEPOutHandler::_available() const
 .text._ZN26DoubleBufferedEPOutHandler7releaseEv
                0x00005fe0       0x3c C:\Users\sahil\AppData\Local\Temp\VMBuilds\scara_IIOT\nano_33_iot\Debug/core.a(USBCore.cpp.o)
                0x00005fe0                DoubleBufferedEPOutHandler::release()
 .text._ZN26DoubleBufferedEPOutHandler14handleEndpointEv
                0x0000601c       0xea C:\Users\sahil\AppData\Local\Temp\VMBuilds\scara_IIOT\nano_33_iot\Debug/core.a(USBCore.cpp.o)
                0x0000601c                DoubleBufferedEPOutHandler::handleEndpoint()
 .text._ZN26DoubleBufferedEPOutHandler5_recvEv
                0x00006106      0x198 C:\Users\sahil\AppData\Local\Temp\VMBuilds\scara_IIOT\nano_33_iot\Debug/core.a(USBCore.cpp.o)
                0x00006106                DoubleBufferedEPOutHandler::_recv()
 .text._ZN26DoubleBufferedEPOutHandler4peekEv
                0x0000629e       0x22 C:\Users\sahil\AppData\Local\Temp\VMBuilds\scara_IIOT\nano_33_iot\Debug/core.a(USBCore.cpp.o)
                0x0000629e                DoubleBufferedEPOutHandler::peek()
 .text._ZN26DoubleBufferedEPOutHandler9availableEv
                0x000062c0       0x18 C:\Users\sahil\AppData\Local\Temp\VMBuilds\scara_IIOT\nano_33_iot\Debug/core.a(USBCore.cpp.o)
                0x000062c0                DoubleBufferedEPOutHandler::available()
 .text._ZN26DoubleBufferedEPOutHandler4recvEPvm
                0x000062d8       0x72 C:\Users\sahil\AppData\Local\Temp\VMBuilds\scara_IIOT\nano_33_iot\Debug/core.a(USBCore.cpp.o)
                0x000062d8                DoubleBufferedEPOutHandler::recv(void*, unsigned long)
 .text._ZN14USBDeviceClass14SendInterfacesEPm
                0x0000634a       0x20 C:\Users\sahil\AppData\Local\Temp\VMBuilds\scara_IIOT\nano_33_iot\Debug/core.a(USBCore.cpp.o)
                0x0000634a                USBDeviceClass::SendInterfaces(unsigned long*)
 *fill*         0x0000636a        0x2 
 .text._ZN14USBDeviceClass4initEv
                0x0000636c      0x144 C:\Users\sahil\AppData\Local\Temp\VMBuilds\scara_IIOT\nano_33_iot\Debug/core.a(USBCore.cpp.o)
                0x0000636c                USBDeviceClass::init()
 .text._ZN14USBDeviceClass6attachEv
                0x000064b0       0x34 C:\Users\sahil\AppData\Local\Temp\VMBuilds\scara_IIOT\nano_33_iot\Debug/core.a(USBCore.cpp.o)
                0x000064b0                USBDeviceClass::attach()
 .text._ZN14USBDeviceClass10setAddressEm
                0x000064e4       0x48 C:\Users\sahil\AppData\Local\Temp\VMBuilds\scara_IIOT\nano_33_iot\Debug/core.a(USBCore.cpp.o)
                0x000064e4                USBDeviceClass::setAddress(unsigned long)
 .text._ZN14USBDeviceClass25handleClassInterfaceSetupER8USBSetup
                0x0000652c       0x24 C:\Users\sahil\AppData\Local\Temp\VMBuilds\scara_IIOT\nano_33_iot\Debug/core.a(USBCore.cpp.o)
                0x0000652c                USBDeviceClass::handleClassInterfaceSetup(USBSetup&)
 .text._ZN14USBDeviceClass6initEPEmm
                0x00006550      0x120 C:\Users\sahil\AppData\Local\Temp\VMBuilds\scara_IIOT\nano_33_iot\Debug/core.a(USBCore.cpp.o)
                0x00006550                USBDeviceClass::initEP(unsigned long, unsigned long)
 .text._ZN14USBDeviceClass13initEndpointsEv
                0x00006670       0x24 C:\Users\sahil\AppData\Local\Temp\VMBuilds\scara_IIOT\nano_33_iot\Debug/core.a(USBCore.cpp.o)
                0x00006670                USBDeviceClass::initEndpoints()
 .text._ZN14USBDeviceClass5clearEm
                0x00006694       0x38 C:\Users\sahil\AppData\Local\Temp\VMBuilds\scara_IIOT\nano_33_iot\Debug/core.a(USBCore.cpp.o)
                0x00006694                USBDeviceClass::clear(unsigned long)
 .text._ZN14USBDeviceClass9availableEm
                0x000066cc       0x2c C:\Users\sahil\AppData\Local\Temp\VMBuilds\scara_IIOT\nano_33_iot\Debug/core.a(USBCore.cpp.o)
                0x000066cc                USBDeviceClass::available(unsigned long)
 .text._ZN14USBDeviceClass5flushEm
                0x000066f8       0x2c C:\Users\sahil\AppData\Local\Temp\VMBuilds\scara_IIOT\nano_33_iot\Debug/core.a(USBCore.cpp.o)
                0x000066f8                USBDeviceClass::flush(unsigned long)
 .text._ZN14USBDeviceClass4recvEmPvm
                0x00006724       0xc0 C:\Users\sahil\AppData\Local\Temp\VMBuilds\scara_IIOT\nano_33_iot\Debug/core.a(USBCore.cpp.o)
                0x00006724                USBDeviceClass::recv(unsigned long, void*, unsigned long)
 .text._ZN14USBDeviceClass4recvEm
                0x000067e4       0x1c C:\Users\sahil\AppData\Local\Temp\VMBuilds\scara_IIOT\nano_33_iot\Debug/core.a(USBCore.cpp.o)
                0x000067e4                USBDeviceClass::recv(unsigned long)
 .text._ZN14USBDeviceClass14armRecvCtrlOUTEm
                0x00006800       0x5c C:\Users\sahil\AppData\Local\Temp\VMBuilds\scara_IIOT\nano_33_iot\Debug/core.a(USBCore.cpp.o)
                0x00006800                USBDeviceClass::armRecvCtrlOUT(unsigned long)
 .text._ZN14USBDeviceClass11recvControlEPvm
                0x0000685c       0x28 C:\Users\sahil\AppData\Local\Temp\VMBuilds\scara_IIOT\nano_33_iot\Debug/core.a(USBCore.cpp.o)
                0x0000685c                USBDeviceClass::recvControl(void*, unsigned long)
 .text._ZN14USBDeviceClass4sendEmPKvm
                0x00006884      0x10c C:\Users\sahil\AppData\Local\Temp\VMBuilds\scara_IIOT\nano_33_iot\Debug/core.a(USBCore.cpp.o)
                0x00006884                USBDeviceClass::send(unsigned long, void const*, unsigned long)
 .text._ZN14USBDeviceClass7armSendEmPKvm
                0x00006990       0x48 C:\Users\sahil\AppData\Local\Temp\VMBuilds\scara_IIOT\nano_33_iot\Debug/core.a(USBCore.cpp.o)
                0x00006990                USBDeviceClass::armSend(unsigned long, void const*, unsigned long)
 .text._ZN14USBDeviceClass11sendControlEPKvm
                0x000069d8       0x54 C:\Users\sahil\AppData\Local\Temp\VMBuilds\scara_IIOT\nano_33_iot\Debug/core.a(USBCore.cpp.o)
                0x000069d8                USBDeviceClass::sendControl(void const*, unsigned long)
 .text._ZN14USBDeviceClass20sendStringDescriptorEPKhm
                0x00006a2c       0x64 C:\Users\sahil\AppData\Local\Temp\VMBuilds\scara_IIOT\nano_33_iot\Debug/core.a(USBCore.cpp.o)
                0x00006a2c                USBDeviceClass::sendStringDescriptor(unsigned char const*, unsigned long)
 .text._ZN14USBDeviceClass17sendConfigurationEm
                0x00006a90       0x80 C:\Users\sahil\AppData\Local\Temp\VMBuilds\scara_IIOT\nano_33_iot\Debug/core.a(USBCore.cpp.o)
                0x00006a90                USBDeviceClass::sendConfiguration(unsigned long)
 .text._ZN14USBDeviceClass14sendDescriptorER8USBSetup
                0x00006b10       0xe0 C:\Users\sahil\AppData\Local\Temp\VMBuilds\scara_IIOT\nano_33_iot\Debug/core.a(USBCore.cpp.o)
                0x00006b10                USBDeviceClass::sendDescriptor(USBSetup&)
 .text._ZN14USBDeviceClass7sendZlpEm
                0x00006bf0       0x18 C:\Users\sahil\AppData\Local\Temp\VMBuilds\scara_IIOT\nano_33_iot\Debug/core.a(USBCore.cpp.o)
                0x00006bf0                USBDeviceClass::sendZlp(unsigned long)
 .text._ZN14USBDeviceClass19handleStandardSetupER8USBSetup
                0x00006c08       0xf0 C:\Users\sahil\AppData\Local\Temp\VMBuilds\scara_IIOT\nano_33_iot\Debug/core.a(USBCore.cpp.o)
                0x00006c08                USBDeviceClass::handleStandardSetup(USBSetup&)
 .text._ZN14USBDeviceClass10ISRHandlerEv
                0x00006cf8      0x108 C:\Users\sahil\AppData\Local\Temp\VMBuilds\scara_IIOT\nano_33_iot\Debug/core.a(USBCore.cpp.o)
                0x00006cf8                USBDeviceClass::ISRHandler()
 .text.UDD_Handler
                0x00006e00       0x10 C:\Users\sahil\AppData\Local\Temp\VMBuilds\scara_IIOT\nano_33_iot\Debug/core.a(USBCore.cpp.o)
                0x00006e00                UDD_Handler
 .text.startup._GLOBAL__sub_I_usbd
                0x00006e10       0x10 C:\Users\sahil\AppData\Local\Temp\VMBuilds\scara_IIOT\nano_33_iot\Debug/core.a(USBCore.cpp.o)
 .text.ltoa     0x00006e20       0x72 C:\Users\sahil\AppData\Local\Temp\VMBuilds\scara_IIOT\nano_33_iot\Debug/core.a(itoa.c.o)
                0x00006e20                ltoa
 .text.itoa     0x00006e92        0x8 C:\Users\sahil\AppData\Local\Temp\VMBuilds\scara_IIOT\nano_33_iot\Debug/core.a(itoa.c.o)
                0x00006e92                itoa
 .text.ultoa    0x00006e9a       0x56 C:\Users\sahil\AppData\Local\Temp\VMBuilds\scara_IIOT\nano_33_iot\Debug/core.a(itoa.c.o)
                0x00006e9a                ultoa
 .text.utoa     0x00006ef0        0x8 C:\Users\sahil\AppData\Local\Temp\VMBuilds\scara_IIOT\nano_33_iot\Debug/core.a(itoa.c.o)
                0x00006ef0                utoa
 .text.dtostrf  0x00006ef8       0x28 C:\Users\sahil\AppData\Local\Temp\VMBuilds\scara_IIOT\nano_33_iot\Debug/core.a(dtostrf.c.o)
                0x00006ef8                dtostrf
 .text._Znwj    0x00006f20        0x8 C:\Users\sahil\AppData\Local\Temp\VMBuilds\scara_IIOT\nano_33_iot\Debug/core.a(new.cpp.o)
                0x00006f20                operator new(unsigned int)
 .text._ZdlPv   0x00006f28        0x8 C:\Users\sahil\AppData\Local\Temp\VMBuilds\scara_IIOT\nano_33_iot\Debug/core.a(new.cpp.o)
                0x00006f28                operator delete(void*)
 .text.__aeabi_atexit
                0x00006f30        0xe c:/users/sahil/appdata/local/arduino15/packages/arduino/tools/arm-none-eabi-gcc/7-2017q4/bin/../lib/gcc/arm-none-eabi/7.2.1/../../../../arm-none-eabi/lib/thumb/v6-m\libstdc++_nano.a(atexit_arm.o)
                0x00006f30                __aeabi_atexit
 *fill*         0x00006f3e        0x2 
 .text          0x00006f40       0x14 c:/users/sahil/appdata/local/arduino15/packages/arduino/tools/arm-none-eabi-gcc/7-2017q4/bin/../lib/gcc/arm-none-eabi/7.2.1/thumb/v6-m\libgcc.a(_thumb1_case_uqi.o)
                0x00006f40                __gnu_thumb1_case_uqi
 .text          0x00006f54      0x114 c:/users/sahil/appdata/local/arduino15/packages/arduino/tools/arm-none-eabi-gcc/7-2017q4/bin/../lib/gcc/arm-none-eabi/7.2.1/thumb/v6-m\libgcc.a(_udivsi3.o)
                0x00006f54                __aeabi_uidiv
                0x00006f54                __udivsi3
                0x00007060                __aeabi_uidivmod
 .text          0x00007068      0x1d4 c:/users/sahil/appdata/local/arduino15/packages/arduino/tools/arm-none-eabi-gcc/7-2017q4/bin/../lib/gcc/arm-none-eabi/7.2.1/thumb/v6-m\libgcc.a(_divsi3.o)
                0x00007068                __divsi3
                0x00007068                __aeabi_idiv
                0x00007234                __aeabi_idivmod
 .text          0x0000723c        0x4 c:/users/sahil/appdata/local/arduino15/packages/arduino/tools/arm-none-eabi-gcc/7-2017q4/bin/../lib/gcc/arm-none-eabi/7.2.1/thumb/v6-m\libgcc.a(_dvmd_tls.o)
                0x0000723c                __aeabi_idiv0
                0x0000723c                __aeabi_ldiv0
 .text          0x00007240       0x7c c:/users/sahil/appdata/local/arduino15/packages/arduino/tools/arm-none-eabi-gcc/7-2017q4/bin/../lib/gcc/arm-none-eabi/7.2.1/thumb/v6-m\libgcc.a(_arm_cmpdf2.o)
                0x00007240                __aeabi_cdrcmple
                0x00007250                __aeabi_cdcmple
                0x00007250                __aeabi_cdcmpeq
                0x00007260                __aeabi_dcmpeq
                0x0000726c                __aeabi_dcmplt
                0x00007280                __aeabi_dcmple
                0x00007294                __aeabi_dcmpgt
                0x000072a8                __aeabi_dcmpge
 .text          0x000072bc      0x638 c:/users/sahil/appdata/local/arduino15/packages/arduino/tools/arm-none-eabi-gcc/7-2017q4/bin/../lib/gcc/arm-none-eabi/7.2.1/thumb/v6-m\libgcc.a(adddf3.o)
                0x000072bc                __aeabi_dadd
 .text          0x000078f4      0x604 c:/users/sahil/appdata/local/arduino15/packages/arduino/tools/arm-none-eabi-gcc/7-2017q4/bin/../lib/gcc/arm-none-eabi/7.2.1/thumb/v6-m\libgcc.a(divdf3.o)
                0x000078f4                __aeabi_ddiv
 .text          0x00007ef8       0x78 c:/users/sahil/appdata/local/arduino15/packages/arduino/tools/arm-none-eabi-gcc/7-2017q4/bin/../lib/gcc/arm-none-eabi/7.2.1/thumb/v6-m\libgcc.a(eqdf2.o)
                0x00007ef8                __nedf2
                0x00007ef8                __eqdf2
 .text          0x00007f70       0xc8 c:/users/sahil/appdata/local/arduino15/packages/arduino/tools/arm-none-eabi-gcc/7-2017q4/bin/../lib/gcc/arm-none-eabi/7.2.1/thumb/v6-m\libgcc.a(gedf2.o)
                0x00007f70                __gedf2
                0x00007f70                __gtdf2
 .text          0x00008038       0xd0 c:/users/sahil/appdata/local/arduino15/packages/arduino/tools/arm-none-eabi-gcc/7-2017q4/bin/../lib/gcc/arm-none-eabi/7.2.1/thumb/v6-m\libgcc.a(ledf2.o)
                0x00008038                __ledf2
                0x00008038                __ltdf2
 .text          0x00008108      0x4e4 c:/users/sahil/appdata/local/arduino15/packages/arduino/tools/arm-none-eabi-gcc/7-2017q4/bin/../lib/gcc/arm-none-eabi/7.2.1/thumb/v6-m\libgcc.a(muldf3.o)
                0x00008108                __aeabi_dmul
 .text          0x000085ec      0x690 c:/users/sahil/appdata/local/arduino15/packages/arduino/tools/arm-none-eabi-gcc/7-2017q4/bin/../lib/gcc/arm-none-eabi/7.2.1/thumb/v6-m\libgcc.a(subdf3.o)
                0x000085ec                __aeabi_dsub
 .text          0x00008c7c       0x38 c:/users/sahil/appdata/local/arduino15/packages/arduino/tools/arm-none-eabi-gcc/7-2017q4/bin/../lib/gcc/arm-none-eabi/7.2.1/thumb/v6-m\libgcc.a(unorddf2.o)
                0x00008c7c                __aeabi_dcmpun
 .text          0x00008cb4       0x6c c:/users/sahil/appdata/local/arduino15/packages/arduino/tools/arm-none-eabi-gcc/7-2017q4/bin/../lib/gcc/arm-none-eabi/7.2.1/thumb/v6-m\libgcc.a(fixdfsi.o)
                0x00008cb4                __aeabi_d2iz
 .text          0x00008d20       0x64 c:/users/sahil/appdata/local/arduino15/packages/arduino/tools/arm-none-eabi-gcc/7-2017q4/bin/../lib/gcc/arm-none-eabi/7.2.1/thumb/v6-m\libgcc.a(floatunsidf.o)
                0x00008d20                __aeabi_ui2d
 .text          0x00008d84       0xa4 c:/users/sahil/appdata/local/arduino15/packages/arduino/tools/arm-none-eabi-gcc/7-2017q4/bin/../lib/gcc/arm-none-eabi/7.2.1/thumb/v6-m\libgcc.a(extendsfdf2.o)
                0x00008d84                __aeabi_f2d
 .text          0x00008e28      0x108 c:/users/sahil/appdata/local/arduino15/packages/arduino/tools/arm-none-eabi-gcc/7-2017q4/bin/../lib/gcc/arm-none-eabi/7.2.1/thumb/v6-m\libgcc.a(truncdfsf2.o)
                0x00008e28                __aeabi_d2f
 .text          0x00008f30       0x3c c:/users/sahil/appdata/local/arduino15/packages/arduino/tools/arm-none-eabi-gcc/7-2017q4/bin/../lib/gcc/arm-none-eabi/7.2.1/thumb/v6-m\libgcc.a(_clzsi2.o)
                0x00008f30                __clzsi2
 .text.__cxa_atexit
                0x00008f6c       0x1c c:/users/sahil/appdata/local/arduino15/packages/arduino/tools/arm-none-eabi-gcc/7-2017q4/bin/../lib/gcc/arm-none-eabi/7.2.1/../../../../arm-none-eabi/lib/thumb/v6-m\libc_nano.a(lib_a-cxa_atexit.o)
                0x00008f6c                __cxa_atexit
 .text.__libc_init_array
                0x00008f88       0x48 c:/users/sahil/appdata/local/arduino15/packages/arduino/tools/arm-none-eabi-gcc/7-2017q4/bin/../lib/gcc/arm-none-eabi/7.2.1/../../../../arm-none-eabi/lib/thumb/v6-m\libc_nano.a(lib_a-init.o)
                0x00008f88                __libc_init_array
 .text.malloc   0x00008fd0       0x14 c:/users/sahil/appdata/local/arduino15/packages/arduino/tools/arm-none-eabi-gcc/7-2017q4/bin/../lib/gcc/arm-none-eabi/7.2.1/../../../../arm-none-eabi/lib/thumb/v6-m\libc_nano.a(lib_a-malloc.o)
                0x00008fd0                malloc
 .text.free     0x00008fe4       0x14 c:/users/sahil/appdata/local/arduino15/packages/arduino/tools/arm-none-eabi-gcc/7-2017q4/bin/../lib/gcc/arm-none-eabi/7.2.1/../../../../arm-none-eabi/lib/thumb/v6-m\libc_nano.a(lib_a-malloc.o)
                0x00008fe4                free
 .text.__ascii_mbtowc
                0x00008ff8       0x24 c:/users/sahil/appdata/local/arduino15/packages/arduino/tools/arm-none-eabi-gcc/7-2017q4/bin/../lib/gcc/arm-none-eabi/7.2.1/../../../../arm-none-eabi/lib/thumb/v6-m\libc_nano.a(lib_a-mbtowc_r.o)
                0x00008ff8                __ascii_mbtowc
 .text.memcpy   0x0000901c       0x12 c:/users/sahil/appdata/local/arduino15/packages/arduino/tools/arm-none-eabi-gcc/7-2017q4/bin/../lib/gcc/arm-none-eabi/7.2.1/../../../../arm-none-eabi/lib/thumb/v6-m\libc_nano.a(lib_a-memcpy-stub.o)
                0x0000901c                memcpy
 .text.memmove  0x0000902e       0x26 c:/users/sahil/appdata/local/arduino15/packages/arduino/tools/arm-none-eabi-gcc/7-2017q4/bin/../lib/gcc/arm-none-eabi/7.2.1/../../../../arm-none-eabi/lib/thumb/v6-m\libc_nano.a(lib_a-memmove.o)
                0x0000902e                memmove
 .text.memset   0x00009054       0x10 c:/users/sahil/appdata/local/arduino15/packages/arduino/tools/arm-none-eabi-gcc/7-2017q4/bin/../lib/gcc/arm-none-eabi/7.2.1/../../../../arm-none-eabi/lib/thumb/v6-m\libc_nano.a(lib_a-memset.o)
                0x00009054                memset
 .text._free_r  0x00009064       0x94 c:/users/sahil/appdata/local/arduino15/packages/arduino/tools/arm-none-eabi-gcc/7-2017q4/bin/../lib/gcc/arm-none-eabi/7.2.1/../../../../arm-none-eabi/lib/thumb/v6-m\libc_nano.a(lib_a-nano-freer.o)
                0x00009064                _free_r
 .text._malloc_r
                0x000090f8       0xbc c:/users/sahil/appdata/local/arduino15/packages/arduino/tools/arm-none-eabi-gcc/7-2017q4/bin/../lib/gcc/arm-none-eabi/7.2.1/../../../../arm-none-eabi/lib/thumb/v6-m\libc_nano.a(lib_a-nano-mallocr.o)
                0x000090f8                _malloc_r
 .text.__cvt    0x000091b4       0xc8 c:/users/sahil/appdata/local/arduino15/packages/arduino/tools/arm-none-eabi-gcc/7-2017q4/bin/../lib/gcc/arm-none-eabi/7.2.1/../../../../arm-none-eabi/lib/thumb/v6-m\libc_nano.a(lib_a-nano-vfprintf_float.o)
                0x000091b4                __cvt
 .text.__exponent
                0x0000927c       0x70 c:/users/sahil/appdata/local/arduino15/packages/arduino/tools/arm-none-eabi-gcc/7-2017q4/bin/../lib/gcc/arm-none-eabi/7.2.1/../../../../arm-none-eabi/lib/thumb/v6-m\libc_nano.a(lib_a-nano-vfprintf_float.o)
                0x0000927c                __exponent
 .text._printf_float
                0x000092ec      0x498 c:/users/sahil/appdata/local/arduino15/packages/arduino/tools/arm-none-eabi-gcc/7-2017q4/bin/../lib/gcc/arm-none-eabi/7.2.1/../../../../arm-none-eabi/lib/thumb/v6-m\libc_nano.a(lib_a-nano-vfprintf_float.o)
                0x000092ec                _printf_float
 .text._printf_common
                0x00009784       0xda c:/users/sahil/appdata/local/arduino15/packages/arduino/tools/arm-none-eabi-gcc/7-2017q4/bin/../lib/gcc/arm-none-eabi/7.2.1/../../../../arm-none-eabi/lib/thumb/v6-m\libc_nano.a(lib_a-nano-vfprintf_i.o)
                0x00009784                _printf_common
 *fill*         0x0000985e        0x2 
 .text._printf_i
                0x00009860      0x210 c:/users/sahil/appdata/local/arduino15/packages/arduino/tools/arm-none-eabi-gcc/7-2017q4/bin/../lib/gcc/arm-none-eabi/7.2.1/../../../../arm-none-eabi/lib/thumb/v6-m\libc_nano.a(lib_a-nano-vfprintf_i.o)
                0x00009860                _printf_i
 .text.realloc  0x00009a70       0x14 c:/users/sahil/appdata/local/arduino15/packages/arduino/tools/arm-none-eabi-gcc/7-2017q4/bin/../lib/gcc/arm-none-eabi/7.2.1/../../../../arm-none-eabi/lib/thumb/v6-m\libc_nano.a(lib_a-realloc.o)
                0x00009a70                realloc
 .text._sbrk_r  0x00009a84       0x24 c:/users/sahil/appdata/local/arduino15/packages/arduino/tools/arm-none-eabi-gcc/7-2017q4/bin/../lib/gcc/arm-none-eabi/7.2.1/../../../../arm-none-eabi/lib/thumb/v6-m\libc_nano.a(lib_a-sbrkr.o)
                0x00009a84                _sbrk_r
 .text.sprintf  0x00009aa8       0x40 c:/users/sahil/appdata/local/arduino15/packages/arduino/tools/arm-none-eabi-gcc/7-2017q4/bin/../lib/gcc/arm-none-eabi/7.2.1/../../../../arm-none-eabi/lib/thumb/v6-m\libc_nano.a(lib_a-sprintf.o)
                0x00009aa8                siprintf
                0x00009aa8                sprintf
 .text          0x00009ae8       0x14 c:/users/sahil/appdata/local/arduino15/packages/arduino/tools/arm-none-eabi-gcc/7-2017q4/bin/../lib/gcc/arm-none-eabi/7.2.1/../../../../arm-none-eabi/lib/thumb/v6-m\libc_nano.a(lib_a-strcmp.o)
                0x00009ae8                strcmp
 .text.strcpy   0x00009afc       0x10 c:/users/sahil/appdata/local/arduino15/packages/arduino/tools/arm-none-eabi-gcc/7-2017q4/bin/../lib/gcc/arm-none-eabi/7.2.1/../../../../arm-none-eabi/lib/thumb/v6-m\libc_nano.a(lib_a-strcpy.o)
                0x00009afc                strcpy
 .text          0x00009b0c        0xe c:/users/sahil/appdata/local/arduino15/packages/arduino/tools/arm-none-eabi-gcc/7-2017q4/bin/../lib/gcc/arm-none-eabi/7.2.1/../../../../arm-none-eabi/lib/thumb/v6-m\libc_nano.a(lib_a-strlen.o)
                0x00009b0c                strlen
 .text.__ascii_wctomb
                0x00009b1a       0x18 c:/users/sahil/appdata/local/arduino15/packages/arduino/tools/arm-none-eabi-gcc/7-2017q4/bin/../lib/gcc/arm-none-eabi/7.2.1/../../../../arm-none-eabi/lib/thumb/v6-m\libc_nano.a(lib_a-wctomb_r.o)
                0x00009b1a                __ascii_wctomb
 .text.quorem   0x00009b32      0x10c c:/users/sahil/appdata/local/arduino15/packages/arduino/tools/arm-none-eabi-gcc/7-2017q4/bin/../lib/gcc/arm-none-eabi/7.2.1/../../../../arm-none-eabi/lib/thumb/v6-m\libc_nano.a(lib_a-dtoa.o)
 *fill*         0x00009c3e        0x2 
 .text._dtoa_r  0x00009c40      0xbc0 c:/users/sahil/appdata/local/arduino15/packages/arduino/tools/arm-none-eabi-gcc/7-2017q4/bin/../lib/gcc/arm-none-eabi/7.2.1/../../../../arm-none-eabi/lib/thumb/v6-m\libc_nano.a(lib_a-dtoa.o)
                0x00009c40                _dtoa_r
 .text._localeconv_r
                0x0000a800       0x18 c:/users/sahil/appdata/local/arduino15/packages/arduino/tools/arm-none-eabi-gcc/7-2017q4/bin/../lib/gcc/arm-none-eabi/7.2.1/../../../../arm-none-eabi/lib/thumb/v6-m\libc_nano.a(lib_a-localeconv.o)
                0x0000a800                _localeconv_r
 .text.memchr   0x0000a818       0x16 c:/users/sahil/appdata/local/arduino15/packages/arduino/tools/arm-none-eabi-gcc/7-2017q4/bin/../lib/gcc/arm-none-eabi/7.2.1/../../../../arm-none-eabi/lib/thumb/v6-m\libc_nano.a(lib_a-memchr-stub.o)
                0x0000a818                memchr
 .text.__malloc_lock
                0x0000a82e        0x2 c:/users/sahil/appdata/local/arduino15/packages/arduino/tools/arm-none-eabi-gcc/7-2017q4/bin/../lib/gcc/arm-none-eabi/7.2.1/../../../../arm-none-eabi/lib/thumb/v6-m\libc_nano.a(lib_a-mlock.o)
                0x0000a82e                __malloc_lock
 .text.__malloc_unlock
                0x0000a830        0x2 c:/users/sahil/appdata/local/arduino15/packages/arduino/tools/arm-none-eabi-gcc/7-2017q4/bin/../lib/gcc/arm-none-eabi/7.2.1/../../../../arm-none-eabi/lib/thumb/v6-m\libc_nano.a(lib_a-mlock.o)
                0x0000a830                __malloc_unlock
 .text._Balloc  0x0000a832       0x70 c:/users/sahil/appdata/local/arduino15/packages/arduino/tools/arm-none-eabi-gcc/7-2017q4/bin/../lib/gcc/arm-none-eabi/7.2.1/../../../../arm-none-eabi/lib/thumb/v6-m\libc_nano.a(lib_a-mprec.o)
                0x0000a832                _Balloc
 .text._Bfree   0x0000a8a2       0x32 c:/users/sahil/appdata/local/arduino15/packages/arduino/tools/arm-none-eabi-gcc/7-2017q4/bin/../lib/gcc/arm-none-eabi/7.2.1/../../../../arm-none-eabi/lib/thumb/v6-m\libc_nano.a(lib_a-mprec.o)
                0x0000a8a2                _Bfree
 .text.__multadd
                0x0000a8d4       0x7c c:/users/sahil/appdata/local/arduino15/packages/arduino/tools/arm-none-eabi-gcc/7-2017q4/bin/../lib/gcc/arm-none-eabi/7.2.1/../../../../arm-none-eabi/lib/thumb/v6-m\libc_nano.a(lib_a-mprec.o)
                0x0000a8d4                __multadd
 .text.__hi0bits
                0x0000a950       0x34 c:/users/sahil/appdata/local/arduino15/packages/arduino/tools/arm-none-eabi-gcc/7-2017q4/bin/../lib/gcc/arm-none-eabi/7.2.1/../../../../arm-none-eabi/lib/thumb/v6-m\libc_nano.a(lib_a-mprec.o)
                0x0000a950                __hi0bits
 .text.__lo0bits
                0x0000a984       0x5e c:/users/sahil/appdata/local/arduino15/packages/arduino/tools/arm-none-eabi-gcc/7-2017q4/bin/../lib/gcc/arm-none-eabi/7.2.1/../../../../arm-none-eabi/lib/thumb/v6-m\libc_nano.a(lib_a-mprec.o)
                0x0000a984                __lo0bits
 .text.__i2b    0x0000a9e2       0x12 c:/users/sahil/appdata/local/arduino15/packages/arduino/tools/arm-none-eabi-gcc/7-2017q4/bin/../lib/gcc/arm-none-eabi/7.2.1/../../../../arm-none-eabi/lib/thumb/v6-m\libc_nano.a(lib_a-mprec.o)
                0x0000a9e2                __i2b
 .text.__multiply
                0x0000a9f4      0x11e c:/users/sahil/appdata/local/arduino15/packages/arduino/tools/arm-none-eabi-gcc/7-2017q4/bin/../lib/gcc/arm-none-eabi/7.2.1/../../../../arm-none-eabi/lib/thumb/v6-m\libc_nano.a(lib_a-mprec.o)
                0x0000a9f4                __multiply
 *fill*         0x0000ab12        0x2 
 .text.__pow5mult
                0x0000ab14       0xa4 c:/users/sahil/appdata/local/arduino15/packages/arduino/tools/arm-none-eabi-gcc/7-2017q4/bin/../lib/gcc/arm-none-eabi/7.2.1/../../../../arm-none-eabi/lib/thumb/v6-m\libc_nano.a(lib_a-mprec.o)
                0x0000ab14                __pow5mult
 .text.__lshift
                0x0000abb8       0xa4 c:/users/sahil/appdata/local/arduino15/packages/arduino/tools/arm-none-eabi-gcc/7-2017q4/bin/../lib/gcc/arm-none-eabi/7.2.1/../../../../arm-none-eabi/lib/thumb/v6-m\libc_nano.a(lib_a-mprec.o)
                0x0000abb8                __lshift
 .text.__mcmp   0x0000ac5c       0x34 c:/users/sahil/appdata/local/arduino15/packages/arduino/tools/arm-none-eabi-gcc/7-2017q4/bin/../lib/gcc/arm-none-eabi/7.2.1/../../../../arm-none-eabi/lib/thumb/v6-m\libc_nano.a(lib_a-mprec.o)
                0x0000ac5c                __mcmp
 .text.__mdiff  0x0000ac90       0xc8 c:/users/sahil/appdata/local/arduino15/packages/arduino/tools/arm-none-eabi-gcc/7-2017q4/bin/../lib/gcc/arm-none-eabi/7.2.1/../../../../arm-none-eabi/lib/thumb/v6-m\libc_nano.a(lib_a-mprec.o)
                0x0000ac90                __mdiff
 .text.__d2b    0x0000ad58       0xa8 c:/users/sahil/appdata/local/arduino15/packages/arduino/tools/arm-none-eabi-gcc/7-2017q4/bin/../lib/gcc/arm-none-eabi/7.2.1/../../../../arm-none-eabi/lib/thumb/v6-m\libc_nano.a(lib_a-mprec.o)
                0x0000ad58                __d2b
 .text._calloc_r
                0x0000ae00       0x1c c:/users/sahil/appdata/local/arduino15/packages/arduino/tools/arm-none-eabi-gcc/7-2017q4/bin/../lib/gcc/arm-none-eabi/7.2.1/../../../../arm-none-eabi/lib/thumb/v6-m\libc_nano.a(lib_a-nano-callocr.o)
                0x0000ae00                _calloc_r
 .text._realloc_r
                0x0000ae1c       0x4c c:/users/sahil/appdata/local/arduino15/packages/arduino/tools/arm-none-eabi-gcc/7-2017q4/bin/../lib/gcc/arm-none-eabi/7.2.1/../../../../arm-none-eabi/lib/thumb/v6-m\libc_nano.a(lib_a-nano-reallocr.o)
                0x0000ae1c                _realloc_r
 .text.__ssputs_r
                0x0000ae68       0xc4 c:/users/sahil/appdata/local/arduino15/packages/arduino/tools/arm-none-eabi-gcc/7-2017q4/bin/../lib/gcc/arm-none-eabi/7.2.1/../../../../arm-none-eabi/lib/thumb/v6-m\libc_nano.a(lib_a-nano-svfprintf.o)
                0x0000ae68                __ssputs_r
 .text._svfprintf_r
                0x0000af2c      0x1fc c:/users/sahil/appdata/local/arduino15/packages/arduino/tools/arm-none-eabi-gcc/7-2017q4/bin/../lib/gcc/arm-none-eabi/7.2.1/../../../../arm-none-eabi/lib/thumb/v6-m\libc_nano.a(lib_a-nano-svfprintf.o)
                0x0000af2c                _svfiprintf_r
                0x0000af2c                _svfprintf_r
 .text._malloc_usable_size_r
                0x0000b128       0x10 c:/users/sahil/appdata/local/arduino15/packages/arduino/tools/arm-none-eabi-gcc/7-2017q4/bin/../lib/gcc/arm-none-eabi/7.2.1/../../../../arm-none-eabi/lib/thumb/v6-m\libc_nano.a(lib_a-nano-msizer.o)
                0x0000b128                _malloc_usable_size_r
 .text          0x0000b138       0x74 c:/users/sahil/appdata/local/arduino15/packages/arduino/tools/arm-none-eabi-gcc/7-2017q4/bin/../lib/gcc/arm-none-eabi/7.2.1/thumb/v6-m\libgcc.a(floatsidf.o)
                0x0000b138                __aeabi_i2d
 .text._sbrk    0x0000b1ac       0x1c c:/users/sahil/appdata/local/arduino15/packages/arduino/tools/arm-none-eabi-gcc/7-2017q4/bin/../lib/gcc/arm-none-eabi/7.2.1/../../../../arm-none-eabi/lib/thumb/v6-m\libnosys.a(sbrk.o)
                0x0000b1ac                _sbrk
 *(.init)
 .init          0x0000b1c8        0x4 c:/users/sahil/appdata/local/arduino15/packages/arduino/tools/arm-none-eabi-gcc/7-2017q4/bin/../lib/gcc/arm-none-eabi/7.2.1/thumb/v6-m/crti.o
                0x0000b1c8                _init
 .init          0x0000b1cc        0x8 c:/users/sahil/appdata/local/arduino15/packages/arduino/tools/arm-none-eabi-gcc/7-2017q4/bin/../lib/gcc/arm-none-eabi/7.2.1/thumb/v6-m/crtn.o
 *(.fini)
 .fini          0x0000b1d4        0x4 c:/users/sahil/appdata/local/arduino15/packages/arduino/tools/arm-none-eabi-gcc/7-2017q4/bin/../lib/gcc/arm-none-eabi/7.2.1/thumb/v6-m/crti.o
                0x0000b1d4                _fini
 .fini          0x0000b1d8        0x8 c:/users/sahil/appdata/local/arduino15/packages/arduino/tools/arm-none-eabi-gcc/7-2017q4/bin/../lib/gcc/arm-none-eabi/7.2.1/thumb/v6-m/crtn.o
 *crtbegin.o(.ctors)
 *crtbegin?.o(.ctors)
 *(EXCLUDE_FILE(*crtend.o *crtend?.o) .ctors)
 *(SORT_BY_NAME(.ctors.*))
 *(.ctors)
 *crtbegin.o(.dtors)
 *crtbegin?.o(.dtors)
 *(EXCLUDE_FILE(*crtend.o *crtend?.o) .dtors)
 *(SORT_BY_NAME(.dtors.*))
 *(.dtors)
 *(.rodata*)
 .rodata.SERCOM1_Handler.str1.1
                0x0000b1e0       0x84 scara_IIOT.cpp.o
 .rodata._GLOBAL__sub_I_data.str1.1
                0x0000b264       0x33 scara_IIOT.cpp.o
 .rodata._Z15printWifiStatusv.str1.1